#
# There is insufficient memory for the Java Runtime Environment to continue.
# Native memory allocation (malloc) failed to allocate 1091392 bytes. Error detail: Chunk::new
# Possible reasons:
#   The system is out of physical RAM or swap space
#   This process is running with CompressedOops enabled, and the Java Heap may be blocking the growth of the native heap
# Possible solutions:
#   Reduce memory load on the system
#   Increase physical memory or swap space
#   Check if swap backing store is full
#   Decrease Java heap size (-Xmx/-Xms)
#   Decrease number of Java threads
#   Decrease Java thread stack sizes (-Xss)
#   Set larger code cache with -XX:ReservedCodeCacheSize=
#   JVM is running with Unscaled Compressed Oops mode in which the Java heap is
#     placed in the first 4GB address space. The Java Heap base address is the
#     maximum limit for the native heap growth. Please use -XX:HeapBaseMinAddress
#     to set the Java Heap base and to place the Java Heap above 4GB virtual address.
# This output file may be truncated or incomplete.
#
#  Out of Memory Error (arena.cpp:168), pid=31360, tid=2904
#
# JRE version: OpenJDK Runtime Environment Temurin-21.0.8+9 (21.0.8+9) (build 21.0.8+9-LTS)
# Java VM: OpenJDK 64-Bit Server VM Temurin-21.0.8+9 (21.0.8+9-LTS, mixed mode, sharing, tiered, compressed oops, compressed class ptrs, parallel gc, windows-amd64)
# No core dump will be written. Minidumps are not enabled by default on client versions of Windows
#

---------------  S U M M A R Y ------------

Command Line: --add-modules=ALL-SYSTEM --add-opens=java.base/java.util=ALL-UNNAMED --add-opens=java.base/java.lang=ALL-UNNAMED --add-opens=java.base/sun.nio.fs=ALL-UNNAMED -Declipse.application=org.eclipse.jdt.ls.core.id1 -Dosgi.bundles.defaultStartLevel=4 -Declipse.product=org.eclipse.jdt.ls.core.product -Djava.import.generatesMetadataFilesAtProjectRoot=false -DDetectVMInstallationsJob.disabled=true -Dfile.encoding=utf8 -XX:+UseParallelGC -XX:GCTimeRatio=4 -XX:AdaptiveSizePolicyWeight=90 -Dsun.zip.disableMemoryMapping=true -Xmx2G -Xms100m -Xlog:disable -javaagent:c:\Users\adity\.vscode\extensions\redhat.java-1.47.0-win32-x64\lombok\lombok-1.18.39-4050.jar -XX:+HeapDumpOnOutOfMemoryError -XX:HeapDumpPath=c:\Users\adity\AppData\Roaming\Code\User\workspaceStorage\0b8b21bd54ee118a55689f5336832967\redhat.java -Daether.dependencyCollector.impl=bf c:\Users\adity\.vscode\extensions\redhat.java-1.47.0-win32-x64\server\plugins\org.eclipse.equinox.launcher_1.7.100.v20251014-1222.jar -configuration c:\Users\adity\AppData\Roaming\Code\User\globalStorage\redhat.java\1.47.0\config_win -data c:\Users\adity\AppData\Roaming\Code\User\workspaceStorage\0b8b21bd54ee118a55689f5336832967\redhat.java\jdt_ws --pipe=\\.\pipe\lsp-b70c828f4ff65cf2f8480ade2ff41e1f-sock

Host: 11th Gen Intel(R) Core(TM) i5-1135G7 @ 2.40GHz, 8 cores, 15G,  Windows 11 , 64 bit Build 26100 (10.0.26100.7019)
Time: Mon Nov 17 12:55:47 2025 India Standard Time elapsed time: 66.820884 seconds (0d 0h 1m 6s)

---------------  T H R E A D  ---------------

Current thread (0x0000021ad33eeef0):  JavaThread "C2 CompilerThread0" daemon [_thread_in_native, id=2904, stack(0x000000897aa00000,0x000000897ab00000) (1024K)]


Current CompileTask:
C2:66820 12809       4       org.eclipse.jdt.internal.compiler.SourceElementNotifier::notifySourceElementRequestor (1085 bytes)

Stack: [0x000000897aa00000,0x000000897ab00000]
Native frames: (J=compiled Java code, j=interpreted, Vv=VM code, C=native code)
V  [jvm.dll+0x6d2449]
V  [jvm.dll+0x8ae341]
V  [jvm.dll+0x8b08be]
V  [jvm.dll+0x8b0fa3]
V  [jvm.dll+0x280c96]
V  [jvm.dll+0xc581d]
V  [jvm.dll+0xc5d53]
V  [jvm.dll+0x3b919c]
V  [jvm.dll+0x1e1213]
V  [jvm.dll+0x249022]
V  [jvm.dll+0x2484af]
V  [jvm.dll+0x1c89ee]
V  [jvm.dll+0x257d4d]
V  [jvm.dll+0x2562ea]
V  [jvm.dll+0x3f2d16]
V  [jvm.dll+0x857e6b]
V  [jvm.dll+0x6d0b0d]
C  [ucrtbase.dll+0x37b0]
C  [KERNEL32.DLL+0x2e8d7]
C  [ntdll.dll+0x8c53c]


---------------  P R O C E S S  ---------------

Threads class SMR info:
_java_thread_list=0x0000021af06e3cb0, length=46, elements={
0x0000021ad346f7a0, 0x0000021ad352be10, 0x0000021ad352e340, 0x0000021ad33e5760,
0x0000021ad33e6630, 0x0000021ad33eb710, 0x0000021ad33ec160, 0x0000021ad33eeef0,
0x0000021ad34194d0, 0x0000021aeb765220, 0x0000021aeb99c9b0, 0x0000021af05277b0,
0x0000021af084b4b0, 0x0000021af08896b0, 0x0000021af0889d10, 0x0000021af0b71f50,
0x0000021af09f8780, 0x0000021af0f16580, 0x0000021af0f13100, 0x0000021af0f151d0,
0x0000021af0f13790, 0x0000021af0f13e20, 0x0000021af0f15860, 0x0000021af0f144b0,
0x0000021af0f15ef0, 0x0000021af0bedd70, 0x0000021af0befe40, 0x0000021af0bef7b0,
0x0000021af0bef120, 0x0000021af0bf04d0, 0x0000021af0bed050, 0x0000021af0bf0b60,
0x0000021af0bed6e0, 0x0000021af0bf11f0, 0x0000021af0bf1880, 0x0000021af0bee400,
0x0000021af0beea90, 0x0000021af0bf3fe0, 0x0000021af0bf2c30, 0x0000021af0bf25a0,
0x0000021af0bf32c0, 0x0000021af0bf3950, 0x0000021af39faa80, 0x0000021af39f9040,
0x0000021af39f96d0, 0x0000021af39fb7a0
}

Java Threads: ( => current thread )
  0x0000021ad346f7a0 JavaThread "main"                              [_thread_blocked, id=19500, stack(0x000000897a000000,0x000000897a100000) (1024K)]
  0x0000021ad352be10 JavaThread "Reference Handler"          daemon [_thread_blocked, id=18012, stack(0x000000897a400000,0x000000897a500000) (1024K)]
  0x0000021ad352e340 JavaThread "Finalizer"                  daemon [_thread_blocked, id=30100, stack(0x000000897a500000,0x000000897a600000) (1024K)]
  0x0000021ad33e5760 JavaThread "Signal Dispatcher"          daemon [_thread_blocked, id=23260, stack(0x000000897a600000,0x000000897a700000) (1024K)]
  0x0000021ad33e6630 JavaThread "Attach Listener"            daemon [_thread_blocked, id=9652, stack(0x000000897a700000,0x000000897a800000) (1024K)]
  0x0000021ad33eb710 JavaThread "Service Thread"             daemon [_thread_blocked, id=8932, stack(0x000000897a800000,0x000000897a900000) (1024K)]
  0x0000021ad33ec160 JavaThread "Monitor Deflation Thread"   daemon [_thread_blocked, id=1408, stack(0x000000897a900000,0x000000897aa00000) (1024K)]
=>0x0000021ad33eeef0 JavaThread "C2 CompilerThread0"         daemon [_thread_in_native, id=2904, stack(0x000000897aa00000,0x000000897ab00000) (1024K)]
  0x0000021ad34194d0 JavaThread "C1 CompilerThread0"         daemon [_thread_blocked, id=11900, stack(0x000000897ab00000,0x000000897ac00000) (1024K)]
  0x0000021aeb765220 JavaThread "Common-Cleaner"             daemon [_thread_blocked, id=30992, stack(0x000000897ac00000,0x000000897ad00000) (1024K)]
  0x0000021aeb99c9b0 JavaThread "Notification Thread"        daemon [_thread_blocked, id=24364, stack(0x000000897ad00000,0x000000897ae00000) (1024K)]
  0x0000021af05277b0 JavaThread "Active Thread: Equinox Container: f0f995c9-0b92-4b5a-9e75-acf9e179fc28"        [_thread_blocked, id=3412, stack(0x000000897b600000,0x000000897b700000) (1024K)]
  0x0000021af084b4b0 JavaThread "Refresh Thread: Equinox Container: f0f995c9-0b92-4b5a-9e75-acf9e179fc28" daemon [_thread_blocked, id=24500, stack(0x000000897b500000,0x000000897b600000) (1024K)]
  0x0000021af08896b0 JavaThread "Framework Event Dispatcher: Equinox Container: f0f995c9-0b92-4b5a-9e75-acf9e179fc28" daemon [_thread_blocked, id=29412, stack(0x000000897b800000,0x000000897b900000) (1024K)]
  0x0000021af0889d10 JavaThread "Start Level: Equinox Container: f0f995c9-0b92-4b5a-9e75-acf9e179fc28" daemon [_thread_blocked, id=15232, stack(0x000000897b900000,0x000000897ba00000) (1024K)]
  0x0000021af0b71f50 JavaThread "Bundle File Closer"         daemon [_thread_blocked, id=20260, stack(0x000000897ba00000,0x000000897bb00000) (1024K)]
  0x0000021af09f8780 JavaThread "SCR Component Actor"        daemon [_thread_blocked, id=29608, stack(0x000000897ae00000,0x000000897af00000) (1024K)]
  0x0000021af0f16580 JavaThread "Worker-JM"                         [_thread_blocked, id=29344, stack(0x000000897bb00000,0x000000897bc00000) (1024K)]
  0x0000021af0f13100 JavaThread "JNA Cleaner"                daemon [_thread_blocked, id=6324, stack(0x000000897bc00000,0x000000897bd00000) (1024K)]
  0x0000021af0f151d0 JavaThread "Worker-0"                          [_thread_blocked, id=14172, stack(0x000000897bd00000,0x000000897be00000) (1024K)]
  0x0000021af0f13790 JavaThread "Worker-1"                          [_thread_blocked, id=28112, stack(0x000000897be00000,0x000000897bf00000) (1024K)]
  0x0000021af0f13e20 JavaThread "Worker-2"                          [_thread_blocked, id=10156, stack(0x000000897c100000,0x000000897c200000) (1024K)]
  0x0000021af0f15860 JavaThread "Java indexing"              daemon [_thread_blocked, id=30464, stack(0x000000897c200000,0x000000897c300000) (1024K)]
  0x0000021af0f144b0 JavaThread "Worker-3"                          [_thread_blocked, id=10032, stack(0x000000897c300000,0x000000897c400000) (1024K)]
  0x0000021af0f15ef0 JavaThread "Worker-4"                          [_thread_blocked, id=27708, stack(0x000000897c600000,0x000000897c700000) (1024K)]
  0x0000021af0bedd70 JavaThread "Worker-5"                          [_thread_blocked, id=30584, stack(0x000000897c700000,0x000000897c800000) (1024K)]
  0x0000021af0befe40 JavaThread "Thread-1"                   daemon [_thread_in_native, id=16520, stack(0x000000897c800000,0x000000897c900000) (1024K)]
  0x0000021af0bef7b0 JavaThread "Thread-2"                   daemon [_thread_in_native, id=8728, stack(0x000000897c900000,0x000000897ca00000) (1024K)]
  0x0000021af0bef120 JavaThread "Thread-3"                   daemon [_thread_in_native, id=25824, stack(0x000000897ca00000,0x000000897cb00000) (1024K)]
  0x0000021af0bf04d0 JavaThread "Thread-4"                   daemon [_thread_in_native, id=9024, stack(0x000000897cb00000,0x000000897cc00000) (1024K)]
  0x0000021af0bed050 JavaThread "Thread-5"                   daemon [_thread_in_native, id=32400, stack(0x000000897cc00000,0x000000897cd00000) (1024K)]
  0x0000021af0bf0b60 JavaThread "Thread-6"                   daemon [_thread_in_native, id=32092, stack(0x000000897cd00000,0x000000897ce00000) (1024K)]
  0x0000021af0bed6e0 JavaThread "Thread-7"                   daemon [_thread_in_native, id=3824, stack(0x000000897ce00000,0x000000897cf00000) (1024K)]
  0x0000021af0bf11f0 JavaThread "Thread-8"                   daemon [_thread_in_native, id=30756, stack(0x000000897cf00000,0x000000897d000000) (1024K)]
  0x0000021af0bf1880 JavaThread "Thread-9"                   daemon [_thread_in_native, id=31592, stack(0x000000897d000000,0x000000897d100000) (1024K)]
  0x0000021af0bee400 JavaThread "pool-2-thread-1"                   [_thread_blocked, id=26064, stack(0x000000897d100000,0x000000897d200000) (1024K)]
  0x0000021af0beea90 JavaThread "WorkspaceEventsHandler"            [_thread_blocked, id=5816, stack(0x000000897d200000,0x000000897d300000) (1024K)]
  0x0000021af0bf3fe0 JavaThread "pool-1-thread-1"                   [_thread_blocked, id=29784, stack(0x000000897d300000,0x000000897d400000) (1024K)]
  0x0000021af0bf2c30 JavaThread "pool-3-thread-1"                   [_thread_blocked, id=22516, stack(0x000000897d400000,0x000000897d500000) (1024K)]
  0x0000021af0bf25a0 JavaThread "ForkJoinPool.commonPool-worker-1" daemon [_thread_blocked, id=8040, stack(0x000000897bf00000,0x000000897c000000) (1024K)]
  0x0000021af0bf32c0 JavaThread "ForkJoinPool.commonPool-worker-2" daemon [_thread_blocked, id=21060, stack(0x000000897c000000,0x000000897c100000) (1024K)]
  0x0000021af0bf3950 JavaThread "ForkJoinPool.commonPool-worker-3" daemon [_thread_blocked, id=27804, stack(0x000000897d500000,0x000000897d600000) (1024K)]
  0x0000021af39faa80 JavaThread "ForkJoinPool.commonPool-worker-4" daemon [_thread_blocked, id=29532, stack(0x000000897d600000,0x000000897d700000) (1024K)]
  0x0000021af39f9040 JavaThread "ForkJoinPool.commonPool-worker-5" daemon [_thread_blocked, id=6476, stack(0x000000897d700000,0x000000897d800000) (1024K)]
  0x0000021af39f96d0 JavaThread "ForkJoinPool.commonPool-worker-7" daemon [_thread_blocked, id=9040, stack(0x000000897d800000,0x000000897d900000) (1024K)]
  0x0000021af39fb7a0 JavaThread "ForkJoinPool.commonPool-worker-6" daemon [_thread_blocked, id=32516, stack(0x000000897d900000,0x000000897da00000) (1024K)]
Total: 46

Other Threads:
  0x0000021ad33e2490 VMThread "VM Thread"                           [id=25736, stack(0x000000897a300000,0x000000897a400000) (1024K)]
  0x0000021ad34dc660 WatcherThread "VM Periodic Task Thread"        [id=28384, stack(0x000000897a200000,0x000000897a300000) (1024K)]
  0x0000021ad348d000 WorkerThread "GC Thread#0"                     [id=29164, stack(0x000000897a100000,0x000000897a200000) (1024K)]
  0x0000021af00d2680 WorkerThread "GC Thread#1"                     [id=28276, stack(0x000000897af00000,0x000000897b000000) (1024K)]
  0x0000021af0188b00 WorkerThread "GC Thread#2"                     [id=26372, stack(0x000000897b000000,0x000000897b100000) (1024K)]
  0x0000021af0188ea0 WorkerThread "GC Thread#3"                     [id=27820, stack(0x000000897b100000,0x000000897b200000) (1024K)]
  0x0000021af0189240 WorkerThread "GC Thread#4"                     [id=16304, stack(0x000000897b200000,0x000000897b300000) (1024K)]
  0x0000021af01895e0 WorkerThread "GC Thread#5"                     [id=28776, stack(0x000000897b300000,0x000000897b400000) (1024K)]
  0x0000021af0189980 WorkerThread "GC Thread#6"                     [id=28220, stack(0x000000897b400000,0x000000897b500000) (1024K)]
  0x0000021af0856170 WorkerThread "GC Thread#7"                     [id=10940, stack(0x000000897b700000,0x000000897b800000) (1024K)]
Total: 10

Threads with active compile tasks:
C2 CompilerThread0  66850 12809       4       org.eclipse.jdt.internal.compiler.SourceElementNotifier::notifySourceElementRequestor (1085 bytes)
Total: 1

VM state: not at safepoint (normal execution)

VM Mutex/Monitor currently owned by a thread: None

Heap address: 0x0000000080000000, size: 2048 MB, Compressed Oops mode: 32-bit

CDS archive(s) mapped at: [0x0000021a80000000-0x0000021a80ba0000-0x0000021a80ba0000), size 12189696, SharedBaseAddress: 0x0000021a80000000, ArchiveRelocationMode: 1.
Compressed class space mapped at: 0x0000021a81000000-0x0000021ac1000000, reserved size: 1073741824
Narrow klass base: 0x0000021a80000000, Narrow klass shift: 0, Narrow klass range: 0x100000000

GC Precious Log:
 CardTable entry size: 512
 CPUs: 8 total, 8 available
 Memory: 16118M
 Large Page Support: Disabled
 NUMA Support: Disabled
 Compressed Oops: Enabled (32-bit)
 Alignments: Space 512K, Generation 512K, Heap 2M
 Heap Min Capacity: 100M
 Heap Initial Capacity: 100M
 Heap Max Capacity: 2G
 Pre-touch: Disabled
 Parallel Workers: 8

Heap:
 PSYoungGen      total 4608K, used 3137K [0x00000000d5580000, 0x00000000d5a80000, 0x0000000100000000)
  eden space 3584K, 78% used [0x00000000d5580000,0x00000000d583c630,0x00000000d5900000)
  from space 1024K, 32% used [0x00000000d5900000,0x00000000d5954090,0x00000000d5a00000)
  to   space 512K, 0% used [0x00000000d5a00000,0x00000000d5a00000,0x00000000d5a80000)
 ParOldGen       total 464896K, used 296478K [0x0000000080000000, 0x000000009c600000, 0x00000000d5580000)
  object space 464896K, 63% used [0x0000000080000000,0x0000000092187a70,0x000000009c600000)
 Metaspace       used 60483K, committed 61952K, reserved 1114112K
  class space    used 6328K, committed 6976K, reserved 1048576K

Card table byte_map: [0x0000021ad2e10000,0x0000021ad3220000] _byte_map_base: 0x0000021ad2a10000

Marking Bits: (ParMarkBitMap*) 0x00007ffd1805a340
 Begin Bits: [0x0000021ae5910000, 0x0000021ae7910000)
 End Bits:   [0x0000021ae7910000, 0x0000021ae9910000)

Polling page: 0x0000021ad1270000

Metaspace:

Usage:
  Non-class:     52.89 MB used.
      Class:      6.18 MB used.
       Both:     59.07 MB used.

Virtual space:
  Non-class space:       64.00 MB reserved,      53.69 MB ( 84%) committed,  1 nodes.
      Class space:        1.00 GB reserved,       6.81 MB ( <1%) committed,  1 nodes.
             Both:        1.06 GB reserved,      60.50 MB (  6%) committed. 

Chunk freelists:
   Non-Class:  10.08 MB
       Class:  9.06 MB
        Both:  19.14 MB

MaxMetaspaceSize: unlimited
CompressedClassSpaceSize: 1.00 GB
Initial GC threshold: 21.00 MB
Current GC threshold: 97.31 MB
CDS: on
 - commit_granule_bytes: 65536.
 - commit_granule_words: 8192.
 - virtual_space_node_default_size: 8388608.
 - enlarge_chunks_in_place: 1.
 - use_allocation_guard: 0.


Internal statistics:

num_allocs_failed_limit: 9.
num_arena_births: 1210.
num_arena_deaths: 20.
num_vsnodes_births: 2.
num_vsnodes_deaths: 0.
num_space_committed: 968.
num_space_uncommitted: 0.
num_chunks_returned_to_freelist: 29.
num_chunks_taken_from_freelist: 4082.
num_chunk_merges: 14.
num_chunk_splits: 2522.
num_chunks_enlarged: 1454.
num_inconsistent_stats: 0.

CodeHeap 'non-profiled nmethods': size=120000Kb used=14214Kb max_used=14214Kb free=105786Kb
 bounds [0x0000021ade130000, 0x0000021adef20000, 0x0000021ae5660000]
CodeHeap 'profiled nmethods': size=120000Kb used=28907Kb max_used=28907Kb free=91092Kb
 bounds [0x0000021ad6660000, 0x0000021ad82a0000, 0x0000021addb90000]
CodeHeap 'non-nmethods': size=5760Kb used=1435Kb max_used=1532Kb free=4324Kb
 bounds [0x0000021addb90000, 0x0000021adde00000, 0x0000021ade130000]
CodeCache: size=245760Kb, used=44556Kb, max_used=44653Kb, free=201202Kb
 total_blobs=12569, nmethods=11839, adapters=634, full_count=0
Compilation: enabled, stopped_count=0, restarted_count=0

Compilation events (20 events):
Event: 66.347 Thread 0x0000021ad34194d0 12803   !   3       lombok.permit.Permit::getMethod (80 bytes)
Event: 66.348 Thread 0x0000021ad34194d0 nmethod 12803 0x0000021ad8295090 code [0x0000021ad8295360, 0x0000021ad8295f10]
Event: 66.407 Thread 0x0000021ad33eeef0 nmethod 12800 0x0000021adef0a010 code [0x0000021adef0a520, 0x0000021adef0df78]
Event: 66.407 Thread 0x0000021ad33eeef0 12804   !   4       org.eclipse.core.internal.resources.ProjectPreferences::silentLoad (65 bytes)
Event: 66.417 Thread 0x0000021ad33eeef0 nmethod 12804 0x0000021adef10790 code [0x0000021adef109a0, 0x0000021adef10f28]
Event: 66.418 Thread 0x0000021ad34194d0 12805       3       org.eclipse.jdt.internal.compiler.parser.Parser::consumeClassTypeList (5 bytes)
Event: 66.418 Thread 0x0000021ad33eeef0 12806       4       org.eclipse.jdt.internal.compiler.parser.Parser::pushOnAstLengthStack (54 bytes)
Event: 66.418 Thread 0x0000021ad34194d0 nmethod 12805 0x0000021ad8296410 code [0x0000021ad82965c0, 0x0000021ad82967e8]
Event: 66.419 Thread 0x0000021ad34194d0 12807       3       org.eclipse.jdt.internal.compiler.ast.CombinedBinaryExpression::initArity (75 bytes)
Event: 66.419 Thread 0x0000021ad34194d0 nmethod 12807 0x0000021ad8296910 code [0x0000021ad8296b00, 0x0000021ad82972c8]
Event: 66.420 Thread 0x0000021ad33eeef0 nmethod 12806 0x0000021adef11490 code [0x0000021adef11620, 0x0000021adef11720]
Event: 66.421 Thread 0x0000021ad34194d0 12808       3       java.lang.invoke.LambdaForm$MH/0x0000021a816ce000::invoke (42 bytes)
Event: 66.422 Thread 0x0000021ad34194d0 nmethod 12808 0x0000021ad8297510 code [0x0000021ad82977a0, 0x0000021ad8298520]
Event: 66.423 Thread 0x0000021ad33eeef0 12809       4       org.eclipse.jdt.internal.compiler.SourceElementNotifier::notifySourceElementRequestor (1085 bytes)
Event: 66.424 Thread 0x0000021ad34194d0 12810       3       org.eclipse.jdt.internal.compiler.ast.CombinedBinaryExpression::traverse (156 bytes)
Event: 66.424 Thread 0x0000021ad34194d0 nmethod 12810 0x0000021ad8298990 code [0x0000021ad8298c40, 0x0000021ad8299c08]
Event: 66.426 Thread 0x0000021ad34194d0 12812       3       org.eclipse.jdt.ls.core.internal.handlers.WorkspaceDiagnosticsHandler$$Lambda/0x0000021a816c4d58::test (8 bytes)
Event: 66.427 Thread 0x0000021ad34194d0 nmethod 12812 0x0000021ad829a190 code [0x0000021ad829a360, 0x0000021ad829a6d0]
Event: 66.427 Thread 0x0000021ad34194d0 12813       3       org.eclipse.jdt.ls.core.internal.handlers.WorkspaceDiagnosticsHandler::lambda$3 (22 bytes)
Event: 66.427 Thread 0x0000021ad34194d0 nmethod 12813 0x0000021ad829a810 code [0x0000021ad829a9c0, 0x0000021ad829ab90]

GC Heap History (20 events):
Event: 65.513 GC heap before
{Heap before GC invocations=1081 (full 3):
 PSYoungGen      total 4608K, used 4594K [0x00000000d5580000, 0x00000000d5b80000, 0x0000000100000000)
  eden space 4096K, 100% used [0x00000000d5580000,0x00000000d5980000,0x00000000d5980000)
  from space 512K, 97% used [0x00000000d5a00000,0x00000000d5a7c8f8,0x00000000d5a80000)
  to   space 1024K, 0% used [0x00000000d5a80000,0x00000000d5a80000,0x00000000d5b80000)
 ParOldGen       total 464896K, used 294321K [0x0000000080000000, 0x000000009c600000, 0x00000000d5580000)
  object space 464896K, 63% used [0x0000000080000000,0x0000000091f6c7e8,0x000000009c600000)
 Metaspace       used 60417K, committed 61888K, reserved 1114112K
  class space    used 6324K, committed 6976K, reserved 1048576K
}
Event: 65.515 GC heap after
{Heap after GC invocations=1081 (full 3):
 PSYoungGen      total 4608K, used 1018K [0x00000000d5580000, 0x00000000d5c80000, 0x0000000100000000)
  eden space 3584K, 0% used [0x00000000d5580000,0x00000000d5580000,0x00000000d5900000)
  from space 1024K, 99% used [0x00000000d5a80000,0x00000000d5b7eb68,0x00000000d5b80000)
  to   space 1536K, 0% used [0x00000000d5900000,0x00000000d5900000,0x00000000d5a80000)
 ParOldGen       total 464896K, used 294700K [0x0000000080000000, 0x000000009c600000, 0x00000000d5580000)
  object space 464896K, 63% used [0x0000000080000000,0x0000000091fcb0e0,0x000000009c600000)
 Metaspace       used 60417K, committed 61888K, reserved 1114112K
  class space    used 6324K, committed 6976K, reserved 1048576K
}
Event: 65.580 GC heap before
{Heap before GC invocations=1082 (full 3):
 PSYoungGen      total 4608K, used 4602K [0x00000000d5580000, 0x00000000d5c80000, 0x0000000100000000)
  eden space 3584K, 100% used [0x00000000d5580000,0x00000000d5900000,0x00000000d5900000)
  from space 1024K, 99% used [0x00000000d5a80000,0x00000000d5b7eb68,0x00000000d5b80000)
  to   space 1536K, 0% used [0x00000000d5900000,0x00000000d5900000,0x00000000d5a80000)
 ParOldGen       total 464896K, used 294700K [0x0000000080000000, 0x000000009c600000, 0x00000000d5580000)
  object space 464896K, 63% used [0x0000000080000000,0x0000000091fcb0e0,0x000000009c600000)
 Metaspace       used 60428K, committed 61888K, reserved 1114112K
  class space    used 6326K, committed 6976K, reserved 1048576K
}
Event: 65.581 GC heap after
{Heap after GC invocations=1082 (full 3):
 PSYoungGen      total 4096K, used 256K [0x00000000d5580000, 0x00000000d5b00000, 0x0000000100000000)
  eden space 3584K, 0% used [0x00000000d5580000,0x00000000d5580000,0x00000000d5900000)
  from space 512K, 50% used [0x00000000d5900000,0x00000000d5940000,0x00000000d5980000)
  to   space 1024K, 0% used [0x00000000d5a00000,0x00000000d5a00000,0x00000000d5b00000)
 ParOldGen       total 464896K, used 295375K [0x0000000080000000, 0x000000009c600000, 0x00000000d5580000)
  object space 464896K, 63% used [0x0000000080000000,0x0000000092073c48,0x000000009c600000)
 Metaspace       used 60428K, committed 61888K, reserved 1114112K
  class space    used 6326K, committed 6976K, reserved 1048576K
}
Event: 65.692 GC heap before
{Heap before GC invocations=1083 (full 3):
 PSYoungGen      total 4096K, used 3840K [0x00000000d5580000, 0x00000000d5b00000, 0x0000000100000000)
  eden space 3584K, 100% used [0x00000000d5580000,0x00000000d5900000,0x00000000d5900000)
  from space 512K, 50% used [0x00000000d5900000,0x00000000d5940000,0x00000000d5980000)
  to   space 1024K, 0% used [0x00000000d5a00000,0x00000000d5a00000,0x00000000d5b00000)
 ParOldGen       total 464896K, used 295375K [0x0000000080000000, 0x000000009c600000, 0x00000000d5580000)
  object space 464896K, 63% used [0x0000000080000000,0x0000000092073c48,0x000000009c600000)
 Metaspace       used 60454K, committed 61952K, reserved 1114112K
  class space    used 6326K, committed 6976K, reserved 1048576K
}
Event: 65.694 GC heap after
{Heap after GC invocations=1083 (full 3):
 PSYoungGen      total 4096K, used 352K [0x00000000d5580000, 0x00000000d5a80000, 0x0000000100000000)
  eden space 3584K, 0% used [0x00000000d5580000,0x00000000d5580000,0x00000000d5900000)
  from space 512K, 68% used [0x00000000d5a00000,0x00000000d5a58000,0x00000000d5a80000)
  to   space 512K, 0% used [0x00000000d5900000,0x00000000d5900000,0x00000000d5980000)
 ParOldGen       total 464896K, used 295479K [0x0000000080000000, 0x000000009c600000, 0x00000000d5580000)
  object space 464896K, 63% used [0x0000000080000000,0x000000009208dc48,0x000000009c600000)
 Metaspace       used 60454K, committed 61952K, reserved 1114112K
  class space    used 6326K, committed 6976K, reserved 1048576K
}
Event: 65.753 GC heap before
{Heap before GC invocations=1084 (full 3):
 PSYoungGen      total 4096K, used 3936K [0x00000000d5580000, 0x00000000d5a80000, 0x0000000100000000)
  eden space 3584K, 100% used [0x00000000d5580000,0x00000000d5900000,0x00000000d5900000)
  from space 512K, 68% used [0x00000000d5a00000,0x00000000d5a58000,0x00000000d5a80000)
  to   space 512K, 0% used [0x00000000d5900000,0x00000000d5900000,0x00000000d5980000)
 ParOldGen       total 464896K, used 295479K [0x0000000080000000, 0x000000009c600000, 0x00000000d5580000)
  object space 464896K, 63% used [0x0000000080000000,0x000000009208dc48,0x000000009c600000)
 Metaspace       used 60454K, committed 61952K, reserved 1114112K
  class space    used 6326K, committed 6976K, reserved 1048576K
}
Event: 65.754 GC heap after
{Heap after GC invocations=1084 (full 3):
 PSYoungGen      total 4096K, used 256K [0x00000000d5580000, 0x00000000d5a80000, 0x0000000100000000)
  eden space 3584K, 0% used [0x00000000d5580000,0x00000000d5580000,0x00000000d5900000)
  from space 512K, 50% used [0x00000000d5900000,0x00000000d5940000,0x00000000d5980000)
  to   space 512K, 0% used [0x00000000d5a00000,0x00000000d5a00000,0x00000000d5a80000)
 ParOldGen       total 464896K, used 295619K [0x0000000080000000, 0x000000009c600000, 0x00000000d5580000)
  object space 464896K, 63% used [0x0000000080000000,0x00000000920b0ff8,0x000000009c600000)
 Metaspace       used 60454K, committed 61952K, reserved 1114112K
  class space    used 6326K, committed 6976K, reserved 1048576K
}
Event: 65.844 GC heap before
{Heap before GC invocations=1085 (full 3):
 PSYoungGen      total 4096K, used 3840K [0x00000000d5580000, 0x00000000d5a80000, 0x0000000100000000)
  eden space 3584K, 100% used [0x00000000d5580000,0x00000000d5900000,0x00000000d5900000)
  from space 512K, 50% used [0x00000000d5900000,0x00000000d5940000,0x00000000d5980000)
  to   space 512K, 0% used [0x00000000d5a00000,0x00000000d5a00000,0x00000000d5a80000)
 ParOldGen       total 464896K, used 295619K [0x0000000080000000, 0x000000009c600000, 0x00000000d5580000)
  object space 464896K, 63% used [0x0000000080000000,0x00000000920b0ff8,0x000000009c600000)
 Metaspace       used 60456K, committed 61952K, reserved 1114112K
  class space    used 6326K, committed 6976K, reserved 1048576K
}
Event: 65.845 GC heap after
{Heap after GC invocations=1085 (full 3):
 PSYoungGen      total 4096K, used 291K [0x00000000d5580000, 0x00000000d5a80000, 0x0000000100000000)
  eden space 3584K, 0% used [0x00000000d5580000,0x00000000d5580000,0x00000000d5900000)
  from space 512K, 56% used [0x00000000d5a00000,0x00000000d5a48c28,0x00000000d5a80000)
  to   space 512K, 0% used [0x00000000d5900000,0x00000000d5900000,0x00000000d5980000)
 ParOldGen       total 464896K, used 295720K [0x0000000080000000, 0x000000009c600000, 0x00000000d5580000)
  object space 464896K, 63% used [0x0000000080000000,0x00000000920ca360,0x000000009c600000)
 Metaspace       used 60456K, committed 61952K, reserved 1114112K
  class space    used 6326K, committed 6976K, reserved 1048576K
}
Event: 65.950 GC heap before
{Heap before GC invocations=1086 (full 3):
 PSYoungGen      total 4096K, used 3875K [0x00000000d5580000, 0x00000000d5a80000, 0x0000000100000000)
  eden space 3584K, 100% used [0x00000000d5580000,0x00000000d5900000,0x00000000d5900000)
  from space 512K, 56% used [0x00000000d5a00000,0x00000000d5a48c28,0x00000000d5a80000)
  to   space 512K, 0% used [0x00000000d5900000,0x00000000d5900000,0x00000000d5980000)
 ParOldGen       total 464896K, used 295720K [0x0000000080000000, 0x000000009c600000, 0x00000000d5580000)
  object space 464896K, 63% used [0x0000000080000000,0x00000000920ca360,0x000000009c600000)
 Metaspace       used 60458K, committed 61952K, reserved 1114112K
  class space    used 6326K, committed 6976K, reserved 1048576K
}
Event: 65.951 GC heap after
{Heap after GC invocations=1086 (full 3):
 PSYoungGen      total 4096K, used 352K [0x00000000d5580000, 0x00000000d5a80000, 0x0000000100000000)
  eden space 3584K, 0% used [0x00000000d5580000,0x00000000d5580000,0x00000000d5900000)
  from space 512K, 68% used [0x00000000d5900000,0x00000000d5958000,0x00000000d5980000)
  to   space 512K, 0% used [0x00000000d5a00000,0x00000000d5a00000,0x00000000d5a80000)
 ParOldGen       total 464896K, used 295859K [0x0000000080000000, 0x000000009c600000, 0x00000000d5580000)
  object space 464896K, 63% used [0x0000000080000000,0x00000000920ecf88,0x000000009c600000)
 Metaspace       used 60458K, committed 61952K, reserved 1114112K
  class space    used 6326K, committed 6976K, reserved 1048576K
}
Event: 66.059 GC heap before
{Heap before GC invocations=1087 (full 3):
 PSYoungGen      total 4096K, used 3936K [0x00000000d5580000, 0x00000000d5a80000, 0x0000000100000000)
  eden space 3584K, 100% used [0x00000000d5580000,0x00000000d5900000,0x00000000d5900000)
  from space 512K, 68% used [0x00000000d5900000,0x00000000d5958000,0x00000000d5980000)
  to   space 512K, 0% used [0x00000000d5a00000,0x00000000d5a00000,0x00000000d5a80000)
 ParOldGen       total 464896K, used 295859K [0x0000000080000000, 0x000000009c600000, 0x00000000d5580000)
  object space 464896K, 63% used [0x0000000080000000,0x00000000920ecf88,0x000000009c600000)
 Metaspace       used 60458K, committed 61952K, reserved 1114112K
  class space    used 6326K, committed 6976K, reserved 1048576K
}
Event: 66.061 GC heap after
{Heap after GC invocations=1087 (full 3):
 PSYoungGen      total 4096K, used 448K [0x00000000d5580000, 0x00000000d5a80000, 0x0000000100000000)
  eden space 3584K, 0% used [0x00000000d5580000,0x00000000d5580000,0x00000000d5900000)
  from space 512K, 87% used [0x00000000d5a00000,0x00000000d5a70000,0x00000000d5a80000)
  to   space 512K, 0% used [0x00000000d5900000,0x00000000d5900000,0x00000000d5980000)
 ParOldGen       total 464896K, used 296004K [0x0000000080000000, 0x000000009c600000, 0x00000000d5580000)
  object space 464896K, 63% used [0x0000000080000000,0x0000000092111398,0x000000009c600000)
 Metaspace       used 60458K, committed 61952K, reserved 1114112K
  class space    used 6326K, committed 6976K, reserved 1048576K
}
Event: 66.175 GC heap before
{Heap before GC invocations=1088 (full 3):
 PSYoungGen      total 4096K, used 4032K [0x00000000d5580000, 0x00000000d5a80000, 0x0000000100000000)
  eden space 3584K, 100% used [0x00000000d5580000,0x00000000d5900000,0x00000000d5900000)
  from space 512K, 87% used [0x00000000d5a00000,0x00000000d5a70000,0x00000000d5a80000)
  to   space 512K, 0% used [0x00000000d5900000,0x00000000d5900000,0x00000000d5980000)
 ParOldGen       total 464896K, used 296004K [0x0000000080000000, 0x000000009c600000, 0x00000000d5580000)
  object space 464896K, 63% used [0x0000000080000000,0x0000000092111398,0x000000009c600000)
 Metaspace       used 60458K, committed 61952K, reserved 1114112K
  class space    used 6326K, committed 6976K, reserved 1048576K
}
Event: 66.176 GC heap after
{Heap after GC invocations=1088 (full 3):
 PSYoungGen      total 4096K, used 384K [0x00000000d5580000, 0x00000000d5a80000, 0x0000000100000000)
  eden space 3584K, 0% used [0x00000000d5580000,0x00000000d5580000,0x00000000d5900000)
  from space 512K, 75% used [0x00000000d5900000,0x00000000d5960000,0x00000000d5980000)
  to   space 512K, 0% used [0x00000000d5a00000,0x00000000d5a00000,0x00000000d5a80000)
 ParOldGen       total 464896K, used 296149K [0x0000000080000000, 0x000000009c600000, 0x00000000d5580000)
  object space 464896K, 63% used [0x0000000080000000,0x00000000921356a8,0x000000009c600000)
 Metaspace       used 60458K, committed 61952K, reserved 1114112K
  class space    used 6326K, committed 6976K, reserved 1048576K
}
Event: 66.281 GC heap before
{Heap before GC invocations=1089 (full 3):
 PSYoungGen      total 4096K, used 3968K [0x00000000d5580000, 0x00000000d5a80000, 0x0000000100000000)
  eden space 3584K, 100% used [0x00000000d5580000,0x00000000d5900000,0x00000000d5900000)
  from space 512K, 75% used [0x00000000d5900000,0x00000000d5960000,0x00000000d5980000)
  to   space 512K, 0% used [0x00000000d5a00000,0x00000000d5a00000,0x00000000d5a80000)
 ParOldGen       total 464896K, used 296149K [0x0000000080000000, 0x000000009c600000, 0x00000000d5580000)
  object space 464896K, 63% used [0x0000000080000000,0x00000000921356a8,0x000000009c600000)
 Metaspace       used 60461K, committed 61952K, reserved 1114112K
  class space    used 6326K, committed 6976K, reserved 1048576K
}
Event: 66.282 GC heap after
{Heap after GC invocations=1089 (full 3):
 PSYoungGen      total 4096K, used 496K [0x00000000d5580000, 0x00000000d5b00000, 0x0000000100000000)
  eden space 3584K, 0% used [0x00000000d5580000,0x00000000d5580000,0x00000000d5900000)
  from space 512K, 96% used [0x00000000d5a00000,0x00000000d5a7c0c0,0x00000000d5a80000)
  to   space 1024K, 0% used [0x00000000d5900000,0x00000000d5900000,0x00000000d5a00000)
 ParOldGen       total 464896K, used 296311K [0x0000000080000000, 0x000000009c600000, 0x00000000d5580000)
  object space 464896K, 63% used [0x0000000080000000,0x000000009215dce8,0x000000009c600000)
 Metaspace       used 60461K, committed 61952K, reserved 1114112K
  class space    used 6326K, committed 6976K, reserved 1048576K
}
Event: 66.415 GC heap before
{Heap before GC invocations=1090 (full 3):
 PSYoungGen      total 4096K, used 4080K [0x00000000d5580000, 0x00000000d5b00000, 0x0000000100000000)
  eden space 3584K, 100% used [0x00000000d5580000,0x00000000d5900000,0x00000000d5900000)
  from space 512K, 96% used [0x00000000d5a00000,0x00000000d5a7c0c0,0x00000000d5a80000)
  to   space 1024K, 0% used [0x00000000d5900000,0x00000000d5900000,0x00000000d5a00000)
 ParOldGen       total 464896K, used 296311K [0x0000000080000000, 0x000000009c600000, 0x00000000d5580000)
  object space 464896K, 63% used [0x0000000080000000,0x000000009215dce8,0x000000009c600000)
 Metaspace       used 60461K, committed 61952K, reserved 1114112K
  class space    used 6326K, committed 6976K, reserved 1048576K
}
Event: 66.416 GC heap after
{Heap after GC invocations=1090 (full 3):
 PSYoungGen      total 4608K, used 336K [0x00000000d5580000, 0x00000000d5a80000, 0x0000000100000000)
  eden space 3584K, 0% used [0x00000000d5580000,0x00000000d5580000,0x00000000d5900000)
  from space 1024K, 32% used [0x00000000d5900000,0x00000000d5954090,0x00000000d5a00000)
  to   space 512K, 0% used [0x00000000d5a00000,0x00000000d5a00000,0x00000000d5a80000)
 ParOldGen       total 464896K, used 296478K [0x0000000080000000, 0x000000009c600000, 0x00000000d5580000)
  object space 464896K, 63% used [0x0000000080000000,0x0000000092187a70,0x000000009c600000)
 Metaspace       used 60461K, committed 61952K, reserved 1114112K
  class space    used 6326K, committed 6976K, reserved 1048576K
}

Dll operation events (10 events):
Event: 0.067 Loaded shared library c:\Users\adity\.vscode\extensions\redhat.java-1.47.0-win32-x64\jre\21.0.8-win32-x86_64\bin\java.dll
Event: 0.257 Loaded shared library c:\Users\adity\.vscode\extensions\redhat.java-1.47.0-win32-x64\jre\21.0.8-win32-x86_64\bin\zip.dll
Event: 0.303 Loaded shared library C:\Users\adity\.vscode\extensions\redhat.java-1.47.0-win32-x64\jre\21.0.8-win32-x86_64\bin\instrument.dll
Event: 0.390 Loaded shared library C:\Users\adity\.vscode\extensions\redhat.java-1.47.0-win32-x64\jre\21.0.8-win32-x86_64\bin\net.dll
Event: 0.395 Loaded shared library C:\Users\adity\.vscode\extensions\redhat.java-1.47.0-win32-x64\jre\21.0.8-win32-x86_64\bin\nio.dll
Event: 0.403 Loaded shared library C:\Users\adity\.vscode\extensions\redhat.java-1.47.0-win32-x64\jre\21.0.8-win32-x86_64\bin\zip.dll
Event: 0.522 Loaded shared library C:\Users\adity\.vscode\extensions\redhat.java-1.47.0-win32-x64\jre\21.0.8-win32-x86_64\bin\jimage.dll
Event: 0.714 Loaded shared library c:\Users\adity\.vscode\extensions\redhat.java-1.47.0-win32-x64\jre\21.0.8-win32-x86_64\bin\verify.dll
Event: 3.638 Loaded shared library C:\Users\adity\AppData\Roaming\Code\User\globalStorage\redhat.java\1.47.0\config_win\org.eclipse.equinox.launcher\org.eclipse.equinox.launcher.win32.win32.x86_64_1.2.1400.v20250801-0854\eclipse_11916.dll
Event: 7.213 Loaded shared library C:\Users\adity\AppData\Local\Temp\jna-1956490294\jna17438986290456475841.dll

Deoptimization events (20 events):
Event: 65.100 Thread 0x0000021af0bedd70 Uncommon trap: trap_request=0xffffff45 fr.pc=0x0000021adeedd6b0 relative=0x0000000000000c50
Event: 65.100 Thread 0x0000021af0bedd70 Uncommon trap: reason=unstable_if action=reinterpret pc=0x0000021adeedd6b0 method=com.microsoft.java.builder.jdtbuilder.ReferenceCollection.internSimpleNames([[CZZ)[[C @ 12 c2
Event: 65.100 Thread 0x0000021af0bedd70 DEOPT PACKING pc=0x0000021adeedd6b0 sp=0x000000897c7fe810
Event: 65.100 Thread 0x0000021af0bedd70 DEOPT UNPACKING pc=0x0000021addbe6da2 sp=0x000000897c7fe7a8 mode 2
Event: 65.169 Thread 0x0000021af0f13790 Uncommon trap: trap_request=0xffffff45 fr.pc=0x0000021adea2817c relative=0x000000000000039c
Event: 65.169 Thread 0x0000021af0f13790 Uncommon trap: reason=unstable_if action=reinterpret pc=0x0000021adea2817c method=jdk.internal.reflect.DirectMethodHandleAccessor.invokeImpl(Ljava/lang/Object;[Ljava/lang/Object;)Ljava/lang/Object; @ 4 c2
Event: 65.169 Thread 0x0000021af0f13790 DEOPT PACKING pc=0x0000021adea2817c sp=0x000000897befe090
Event: 65.169 Thread 0x0000021af0f13790 DEOPT UNPACKING pc=0x0000021addbe6da2 sp=0x000000897befdfc0 mode 2
Event: 65.729 Thread 0x0000021af0f13790 Uncommon trap: trap_request=0xffffffcc fr.pc=0x0000021adeefc0f4 relative=0x0000000000000fd4
Event: 65.729 Thread 0x0000021af0f13790 Uncommon trap: reason=intrinsic_or_type_checked_inlining action=make_not_entrant pc=0x0000021adeefc0f4 method=org.eclipse.jdt.internal.compiler.parser.Parser.parse(Lorg/eclipse/jdt/internal/compiler/ast/MethodDeclaration;Lorg/eclipse/jdt/internal/compiler
Event: 65.729 Thread 0x0000021af0f13790 DEOPT PACKING pc=0x0000021adeefc0f4 sp=0x000000897befeed0
Event: 65.729 Thread 0x0000021af0f13790 DEOPT UNPACKING pc=0x0000021addbe6da2 sp=0x000000897befee70 mode 2
Event: 66.056 Thread 0x0000021af0f13790 DEOPT PACKING pc=0x0000021ad80fbfdf sp=0x000000897befeca0
Event: 66.056 Thread 0x0000021af0f13790 DEOPT UNPACKING pc=0x0000021addbe78e2 sp=0x000000897befe1c8 mode 0
Event: 66.129 Thread 0x0000021af0f13790 Uncommon trap: trap_request=0xffffff45 fr.pc=0x0000021adeef58f4 relative=0x0000000000001f34
Event: 66.129 Thread 0x0000021af0f13790 Uncommon trap: reason=unstable_if action=reinterpret pc=0x0000021adeef58f4 method=lombok.eclipse.handlers.EclipseHandlerUtil.copyType(Lorg/eclipse/jdt/internal/compiler/ast/TypeReference;Lorg/eclipse/jdt/internal/compiler/ast/ASTNode;)Lorg/eclipse/jdt/int
Event: 66.129 Thread 0x0000021af0f13790 DEOPT PACKING pc=0x0000021adeef58f4 sp=0x000000897befe080
Event: 66.129 Thread 0x0000021af0f13790 DEOPT UNPACKING pc=0x0000021addbe6da2 sp=0x000000897befe028 mode 2
Event: 66.170 Thread 0x0000021af0f13790 DEOPT PACKING pc=0x0000021ad6f25d0d sp=0x000000897beff2d0
Event: 66.170 Thread 0x0000021af0f13790 DEOPT UNPACKING pc=0x0000021addbe78e2 sp=0x000000897befe7c0 mode 0

Classes loaded (20 events):
Event: 54.227 Loading class java/lang/StringUTF16$LinesSpliterator
Event: 54.228 Loading class java/lang/StringUTF16$LinesSpliterator done
Event: 54.228 Loading class java/lang/CharacterData01
Event: 54.229 Loading class java/lang/CharacterData01 done
Event: 56.377 Loading class java/util/stream/DistinctOps
Event: 56.377 Loading class java/util/stream/DistinctOps done
Event: 56.377 Loading class java/util/stream/DistinctOps$1
Event: 56.378 Loading class java/util/stream/DistinctOps$1 done
Event: 56.381 Loading class java/util/stream/DistinctOps$1$2
Event: 56.381 Loading class java/util/stream/DistinctOps$1$2 done
Event: 56.469 Loading class java/util/WeakHashMap$KeyIterator
Event: 56.469 Loading class java/util/WeakHashMap$KeyIterator done
Event: 56.518 Loading class java/nio/charset/CharacterCodingException
Event: 56.518 Loading class java/nio/charset/CharacterCodingException done
Event: 56.518 Loading class java/io/SequenceInputStream
Event: 56.518 Loading class java/io/SequenceInputStream done
Event: 63.735 Loading class java/util/zip/CheckedInputStream
Event: 63.735 Loading class java/util/zip/CheckedInputStream done
Event: 63.847 Loading class java/util/regex/Pattern$End
Event: 63.847 Loading class java/util/regex/Pattern$End done

Classes unloaded (10 events):
Event: 9.107 Thread 0x0000021ad33e2490 Unloading class 0x0000021a811a4800 'java/lang/invoke/LambdaForm$MH+0x0000021a811a4800'
Event: 9.107 Thread 0x0000021ad33e2490 Unloading class 0x0000021a811a4400 'java/lang/invoke/LambdaForm$MH+0x0000021a811a4400'
Event: 9.107 Thread 0x0000021ad33e2490 Unloading class 0x0000021a811a4000 'java/lang/invoke/LambdaForm$MH+0x0000021a811a4000'
Event: 9.107 Thread 0x0000021ad33e2490 Unloading class 0x0000021a811a3c00 'java/lang/invoke/LambdaForm$MH+0x0000021a811a3c00'
Event: 9.107 Thread 0x0000021ad33e2490 Unloading class 0x0000021a811a3800 'java/lang/invoke/LambdaForm$BMH+0x0000021a811a3800'
Event: 9.107 Thread 0x0000021ad33e2490 Unloading class 0x0000021a811a3400 'java/lang/invoke/LambdaForm$DMH+0x0000021a811a3400'
Event: 9.107 Thread 0x0000021ad33e2490 Unloading class 0x0000021a811a2000 'java/lang/invoke/LambdaForm$DMH+0x0000021a811a2000'
Event: 12.603 Thread 0x0000021ad33e2490 Unloading class 0x0000021a81310400 'java/lang/invoke/LambdaForm$MH+0x0000021a81310400'
Event: 12.603 Thread 0x0000021ad33e2490 Unloading class 0x0000021a81309c00 'java/lang/invoke/LambdaForm$MH+0x0000021a81309c00'
Event: 12.603 Thread 0x0000021ad33e2490 Unloading class 0x0000021a81309000 'java/lang/invoke/LambdaForm$MH+0x0000021a81309000'

Classes redefined (0 events):
No events

Internal exceptions (20 events):
Event: 56.809 Thread 0x0000021af0bedd70 Exception <a 'java/io/FileNotFoundException'{0x00000000d55b36a8}> (0x00000000d55b36a8) 
thrown [s\src\hotspot\share\prims\jni.cpp, line 520]
Event: 56.810 Thread 0x0000021af0bedd70 Exception <a 'java/io/FileNotFoundException'{0x00000000d55b46c0}> (0x00000000d55b46c0) 
thrown [s\src\hotspot\share\prims\jni.cpp, line 520]
Event: 58.326 Thread 0x0000021af0bedd70 Implicit null exception at 0x0000021adecd83cb to 0x0000021adecd8de8
Event: 58.543 Thread 0x0000021af0bedd70 Implicit null exception at 0x0000021aded3a7ae to 0x0000021aded3e7fc
Event: 59.159 Thread 0x0000021af0f13790 Implicit null exception at 0x0000021ad7e0c0fc to 0x0000021ad7e0db76
Event: 59.159 Thread 0x0000021af0f13790 Exception <a 'java/lang/NullPointerException'{0x00000000d55821b8}> (0x00000000d55821b8) 
thrown [s\src\hotspot\share\runtime\sharedRuntime.cpp, line 625]
Event: 59.240 Thread 0x0000021af0bedd70 Implicit null exception at 0x0000021aded56829 to 0x0000021aded59884
Event: 59.361 Thread 0x0000021af0bedd70 Implicit null exception at 0x0000021aded53da8 to 0x0000021aded54654
Event: 59.866 Thread 0x0000021af0bedd70 Implicit null exception at 0x0000021ade83ee81 to 0x0000021ade83f43c
Event: 59.867 Thread 0x0000021af0bedd70 Implicit null exception at 0x0000021ade821c26 to 0x0000021ade8221f4
Event: 60.951 Thread 0x0000021af0bedd70 Implicit null exception at 0x0000021adedc32db to 0x0000021adedc4764
Event: 61.543 Thread 0x0000021af0f13790 Implicit null exception at 0x0000021ad7e0c0fc to 0x0000021ad7e0db76
Event: 61.543 Thread 0x0000021af0f13790 Exception <a 'java/lang/NullPointerException'{0x00000000d587bf48}> (0x00000000d587bf48) 
thrown [s\src\hotspot\share\runtime\sharedRuntime.cpp, line 625]
Event: 62.197 Thread 0x0000021af0f13790 Implicit null exception at 0x0000021ad7e0c0fc to 0x0000021ad7e0db76
Event: 62.197 Thread 0x0000021af0f13790 Exception <a 'java/lang/NullPointerException'{0x00000000d57d8f70}> (0x00000000d57d8f70) 
thrown [s\src\hotspot\share\runtime\sharedRuntime.cpp, line 625]
Event: 62.615 Thread 0x0000021af0f13790 Implicit null exception at 0x0000021aded64368 to 0x0000021aded652e8
Event: 62.884 Thread 0x0000021af0f13790 Implicit null exception at 0x0000021ad7e0c0fc to 0x0000021ad7e0db76
Event: 62.884 Thread 0x0000021af0f13790 Exception <a 'java/lang/NullPointerException'{0x00000000d584a1e0}> (0x00000000d584a1e0) 
thrown [s\src\hotspot\share\runtime\sharedRuntime.cpp, line 625]
Event: 63.710 Thread 0x0000021af0bedd70 Exception <a 'java/lang/IncompatibleClassChangeError'{0x00000000d57454f8}: Found class java.lang.Object, but interface was expected> (0x00000000d57454f8) 
thrown [s\src\hotspot\share\interpreter\linkResolver.cpp, line 840]
Event: 65.166 Thread 0x0000021af0f13790 Exception <a 'java/lang/NoSuchMethodError'{0x00000000d5851b50}: 'void java.lang.invoke.DelegatingMethodHandle$Holder.reinvoke_L(java.lang.Object, java.lang.Object, java.lang.Object, int, java.lang.Object, int, int)'> (0x00000000d5851b50) 
thrown [s\src\hotspot\share\interpreter\linkResolver.cpp, line 773]

ZGC Phase Switch (0 events):
No events

VM Operations (20 events):
Event: 65.513 Executing VM operation: ParallelGCFailedAllocation (Allocation Failure)
Event: 65.515 Executing VM operation: ParallelGCFailedAllocation (Allocation Failure) done
Event: 65.580 Executing VM operation: ParallelGCFailedAllocation (Allocation Failure)
Event: 65.581 Executing VM operation: ParallelGCFailedAllocation (Allocation Failure) done
Event: 65.692 Executing VM operation: ParallelGCFailedAllocation (Allocation Failure)
Event: 65.694 Executing VM operation: ParallelGCFailedAllocation (Allocation Failure) done
Event: 65.753 Executing VM operation: ParallelGCFailedAllocation (Allocation Failure)
Event: 65.754 Executing VM operation: ParallelGCFailedAllocation (Allocation Failure) done
Event: 65.844 Executing VM operation: ParallelGCFailedAllocation (Allocation Failure)
Event: 65.845 Executing VM operation: ParallelGCFailedAllocation (Allocation Failure) done
Event: 65.950 Executing VM operation: ParallelGCFailedAllocation (Allocation Failure)
Event: 65.951 Executing VM operation: ParallelGCFailedAllocation (Allocation Failure) done
Event: 66.059 Executing VM operation: ParallelGCFailedAllocation (Allocation Failure)
Event: 66.061 Executing VM operation: ParallelGCFailedAllocation (Allocation Failure) done
Event: 66.175 Executing VM operation: ParallelGCFailedAllocation (Allocation Failure)
Event: 66.176 Executing VM operation: ParallelGCFailedAllocation (Allocation Failure) done
Event: 66.281 Executing VM operation: ParallelGCFailedAllocation (Allocation Failure)
Event: 66.282 Executing VM operation: ParallelGCFailedAllocation (Allocation Failure) done
Event: 66.414 Executing VM operation: ParallelGCFailedAllocation (Allocation Failure)
Event: 66.416 Executing VM operation: ParallelGCFailedAllocation (Allocation Failure) done

Memory protections (0 events):
No events

Nmethod flushes (20 events):
Event: 53.204 Thread 0x0000021ad33e2490 flushing  nmethod 0x0000021ad7030f10
Event: 53.204 Thread 0x0000021ad33e2490 flushing  nmethod 0x0000021ad7031310
Event: 53.204 Thread 0x0000021ad33e2490 flushing  nmethod 0x0000021ad7031a90
Event: 53.204 Thread 0x0000021ad33e2490 flushing  nmethod 0x0000021ad7033090
Event: 53.204 Thread 0x0000021ad33e2490 flushing  nmethod 0x0000021ad7034e90
Event: 53.204 Thread 0x0000021ad33e2490 flushing  nmethod 0x0000021ad7036c90
Event: 53.204 Thread 0x0000021ad33e2490 flushing  nmethod 0x0000021ad703be90
Event: 53.204 Thread 0x0000021ad33e2490 flushing  nmethod 0x0000021ad7046c10
Event: 53.204 Thread 0x0000021ad33e2490 flushing  nmethod 0x0000021ad7048010
Event: 53.204 Thread 0x0000021ad33e2490 flushing  nmethod 0x0000021ad7049890
Event: 53.204 Thread 0x0000021ad33e2490 flushing  nmethod 0x0000021ad704dd90
Event: 53.204 Thread 0x0000021ad33e2490 flushing  nmethod 0x0000021ad704e510
Event: 53.204 Thread 0x0000021ad33e2490 flushing  nmethod 0x0000021ad704ee90
Event: 53.204 Thread 0x0000021ad33e2490 flushing  nmethod 0x0000021ad7057f10
Event: 53.204 Thread 0x0000021ad33e2490 flushing  nmethod 0x0000021ad705e210
Event: 53.204 Thread 0x0000021ad33e2490 flushing  nmethod 0x0000021ad7079e10
Event: 53.204 Thread 0x0000021ad33e2490 flushing  nmethod 0x0000021ad707ed90
Event: 53.204 Thread 0x0000021ad33e2490 flushing  nmethod 0x0000021ad7082590
Event: 53.204 Thread 0x0000021ad33e2490 flushing  nmethod 0x0000021ad709f810
Event: 53.204 Thread 0x0000021ad33e2490 flushing  nmethod 0x0000021ad70ec490

Events (20 events):
Event: 55.072 Thread 0x0000021ad34194d0 Thread added: 0x0000021af3f728f0
Event: 55.628 Thread 0x0000021ad34194d0 Thread added: 0x0000021af3f6ba10
Event: 56.966 Thread 0x0000021af3f6ba10 Thread exited: 0x0000021af3f6ba10
Event: 57.228 Thread 0x0000021af3f728f0 Thread added: 0x0000021af42f3790
Event: 58.005 Thread 0x0000021af42f3790 Thread exited: 0x0000021af42f3790
Event: 58.558 Thread 0x0000021ad34194d0 Thread added: 0x0000021af42f3790
Event: 58.969 Thread 0x0000021af42f3790 Thread exited: 0x0000021af42f3790
Event: 58.995 Thread 0x0000021af3f728f0 Thread exited: 0x0000021af3f728f0
Event: 59.250 Thread 0x0000021ad34194d0 Thread added: 0x0000021af42f3790
Event: 59.913 Thread 0x0000021af42f3790 Thread exited: 0x0000021af42f3790
Event: 60.438 Thread 0x0000021ad34194d0 Thread added: 0x0000021af42f3790
Event: 61.404 Thread 0x0000021af42f3790 Thread added: 0x0000021af3f6ba10
Event: 63.194 Thread 0x0000021af3f6ba10 Thread exited: 0x0000021af3f6ba10
Event: 63.619 Thread 0x0000021af42f3790 Thread exited: 0x0000021af42f3790
Event: 63.766 Thread 0x0000021ad34194d0 Thread added: 0x0000021af42f3790
Event: 64.068 Thread 0x0000021af42f3790 Thread exited: 0x0000021af42f3790
Event: 65.039 Thread 0x0000021ad34194d0 Thread added: 0x0000021af42f3790
Event: 65.052 Thread 0x0000021ad34194d0 Thread added: 0x0000021af3f6ba10
Event: 65.384 Thread 0x0000021af3f6ba10 Thread exited: 0x0000021af3f6ba10
Event: 65.384 Thread 0x0000021af42f3790 Thread exited: 0x0000021af42f3790


Dynamic libraries:
0x00007ff689d90000 - 0x00007ff689d9e000 	c:\Users\adity\.vscode\extensions\redhat.java-1.47.0-win32-x64\jre\21.0.8-win32-x86_64\bin\java.exe
0x00007ffd7d540000 - 0x00007ffd7d7a8000 	C:\WINDOWS\SYSTEM32\ntdll.dll
0x00007ffd7b390000 - 0x00007ffd7b459000 	C:\WINDOWS\System32\KERNEL32.DLL
0x00007ffd7a800000 - 0x00007ffd7abf8000 	C:\WINDOWS\System32\KERNELBASE.dll
0x00007ffd7af70000 - 0x00007ffd7b0bb000 	C:\WINDOWS\System32\ucrtbase.dll
0x00007ffd416d0000 - 0x00007ffd416e8000 	c:\Users\adity\.vscode\extensions\redhat.java-1.47.0-win32-x64\jre\21.0.8-win32-x86_64\bin\jli.dll
0x00007ffd7b710000 - 0x00007ffd7b8d7000 	C:\WINDOWS\System32\USER32.dll
0x00007ffd7b1f0000 - 0x00007ffd7b217000 	C:\WINDOWS\System32\win32u.dll
0x00007ffd7c8e0000 - 0x00007ffd7c90b000 	C:\WINDOWS\System32\GDI32.dll
0x00007ffd7b0c0000 - 0x00007ffd7b1ec000 	C:\WINDOWS\System32\gdi32full.dll
0x00007ffd7ac00000 - 0x00007ffd7aca3000 	C:\WINDOWS\System32\msvcp_win.dll
0x00007ffd40c20000 - 0x00007ffd40c3e000 	c:\Users\adity\.vscode\extensions\redhat.java-1.47.0-win32-x64\jre\21.0.8-win32-x86_64\bin\VCRUNTIME140.dll
0x00007ffd5fd70000 - 0x00007ffd60004000 	C:\WINDOWS\WinSxS\amd64_microsoft.windows.common-controls_6595b64144ccf1df_6.0.26100.7019_none_3e06ffa0e335b8a8\COMCTL32.dll
0x00007ffd7ca20000 - 0x00007ffd7cac9000 	C:\WINDOWS\System32\msvcrt.dll
0x00007ffd7cfe0000 - 0x00007ffd7d011000 	C:\WINDOWS\System32\IMM32.DLL
0x00007ffd66ae0000 - 0x00007ffd66aec000 	c:\Users\adity\.vscode\extensions\redhat.java-1.47.0-win32-x64\jre\21.0.8-win32-x86_64\bin\vcruntime140_1.dll
0x00007ffd1a840000 - 0x00007ffd1a8cd000 	c:\Users\adity\.vscode\extensions\redhat.java-1.47.0-win32-x64\jre\21.0.8-win32-x86_64\bin\msvcp140.dll
0x00007ffd173a0000 - 0x00007ffd18137000 	c:\Users\adity\.vscode\extensions\redhat.java-1.47.0-win32-x64\jre\21.0.8-win32-x86_64\bin\server\jvm.dll
0x00007ffd7c0c0000 - 0x00007ffd7c174000 	C:\WINDOWS\System32\ADVAPI32.dll
0x00007ffd7b2e0000 - 0x00007ffd7b386000 	C:\WINDOWS\System32\sechost.dll
0x00007ffd7c320000 - 0x00007ffd7c438000 	C:\WINDOWS\System32\RPCRT4.dll
0x00007ffd7c860000 - 0x00007ffd7c8d4000 	C:\WINDOWS\System32\WS2_32.dll
0x00007ffd7a4f0000 - 0x00007ffd7a54e000 	C:\WINDOWS\SYSTEM32\POWRPROF.dll
0x00007ffd71910000 - 0x00007ffd71945000 	C:\WINDOWS\SYSTEM32\WINMM.dll
0x00007ffd711b0000 - 0x00007ffd711bb000 	C:\WINDOWS\SYSTEM32\VERSION.dll
0x00007ffd7a4d0000 - 0x00007ffd7a4e4000 	C:\WINDOWS\SYSTEM32\UMPDC.dll
0x00007ffd79450000 - 0x00007ffd7946b000 	C:\WINDOWS\SYSTEM32\kernel.appcore.dll
0x00007ffd65a50000 - 0x00007ffd65a5a000 	c:\Users\adity\.vscode\extensions\redhat.java-1.47.0-win32-x64\jre\21.0.8-win32-x86_64\bin\jimage.dll
0x00007ffd77cc0000 - 0x00007ffd77f02000 	C:\WINDOWS\SYSTEM32\DBGHELP.DLL
0x00007ffd7c440000 - 0x00007ffd7c7cb000 	C:\WINDOWS\System32\combase.dll
0x00007ffd7c180000 - 0x00007ffd7c257000 	C:\WINDOWS\System32\OLEAUT32.dll
0x00007ffd5cba0000 - 0x00007ffd5cbdc000 	C:\WINDOWS\SYSTEM32\dbgcore.DLL
0x00007ffd7acb0000 - 0x00007ffd7ad55000 	C:\WINDOWS\System32\bcryptPrimitives.dll
0x00007ffd477d0000 - 0x00007ffd477df000 	c:\Users\adity\.vscode\extensions\redhat.java-1.47.0-win32-x64\jre\21.0.8-win32-x86_64\bin\instrument.dll
0x00007ffd5e530000 - 0x00007ffd5e54f000 	c:\Users\adity\.vscode\extensions\redhat.java-1.47.0-win32-x64\jre\21.0.8-win32-x86_64\bin\java.dll
0x00007ffd7b8e0000 - 0x00007ffd7c02f000 	C:\WINDOWS\System32\SHELL32.dll
0x00007ffd7a690000 - 0x00007ffd7a7fb000 	C:\WINDOWS\System32\wintypes.dll
0x00007ffd78290000 - 0x00007ffd78aed000 	C:\WINDOWS\SYSTEM32\windows.storage.dll
0x00007ffd7c920000 - 0x00007ffd7ca12000 	C:\WINDOWS\System32\SHCORE.dll
0x00007ffd7c050000 - 0x00007ffd7c0b7000 	C:\WINDOWS\System32\shlwapi.dll
0x00007ffd7a5b0000 - 0x00007ffd7a5d9000 	C:\WINDOWS\SYSTEM32\profapi.dll
0x00007ffd41fd0000 - 0x00007ffd41fe8000 	c:\Users\adity\.vscode\extensions\redhat.java-1.47.0-win32-x64\jre\21.0.8-win32-x86_64\bin\zip.dll
0x00007ffd63480000 - 0x00007ffd63490000 	C:\Users\adity\.vscode\extensions\redhat.java-1.47.0-win32-x64\jre\21.0.8-win32-x86_64\bin\net.dll
0x00007ffd717c0000 - 0x00007ffd718e8000 	C:\WINDOWS\SYSTEM32\WINHTTP.dll
0x00007ffd799c0000 - 0x00007ffd79a2b000 	C:\WINDOWS\system32\mswsock.dll
0x00007ffd41840000 - 0x00007ffd41856000 	C:\Users\adity\.vscode\extensions\redhat.java-1.47.0-win32-x64\jre\21.0.8-win32-x86_64\bin\nio.dll
0x00007ffd46320000 - 0x00007ffd46330000 	c:\Users\adity\.vscode\extensions\redhat.java-1.47.0-win32-x64\jre\21.0.8-win32-x86_64\bin\verify.dll
0x00007ffd404f0000 - 0x00007ffd40534000 	C:\Users\adity\AppData\Roaming\Code\User\globalStorage\redhat.java\1.47.0\config_win\org.eclipse.equinox.launcher\org.eclipse.equinox.launcher.win32.win32.x86_64_1.2.1400.v20250801-0854\eclipse_11916.dll
0x00007ffd7ce40000 - 0x00007ffd7cfd7000 	C:\WINDOWS\System32\ole32.dll
0x00007ffd79c90000 - 0x00007ffd79cab000 	C:\WINDOWS\SYSTEM32\CRYPTSP.dll
0x00007ffd793b0000 - 0x00007ffd793ea000 	C:\WINDOWS\system32\rsaenh.dll
0x00007ffd79a70000 - 0x00007ffd79a9b000 	C:\WINDOWS\SYSTEM32\USERENV.dll
0x00007ffd7a580000 - 0x00007ffd7a5aa000 	C:\WINDOWS\SYSTEM32\bcrypt.dll
0x00007ffd79c80000 - 0x00007ffd79c8c000 	C:\WINDOWS\SYSTEM32\CRYPTBASE.dll
0x00007ffd78ef0000 - 0x00007ffd78f24000 	C:\WINDOWS\SYSTEM32\IPHLPAPI.DLL
0x00007ffd7cc40000 - 0x00007ffd7cc4a000 	C:\WINDOWS\System32\NSI.dll
0x00007ffd1a7f0000 - 0x00007ffd1a839000 	C:\Users\adity\AppData\Local\Temp\jna-1956490294\jna17438986290456475841.dll
0x00007ffd7c040000 - 0x00007ffd7c048000 	C:\WINDOWS\System32\PSAPI.DLL
0x00007ffd74b10000 - 0x00007ffd74b2e000 	C:\WINDOWS\SYSTEM32\dhcpcsvc6.DLL
0x00007ffd74ae0000 - 0x00007ffd74b03000 	C:\WINDOWS\SYSTEM32\dhcpcsvc.DLL

JVMTI agents:
c:\Users\adity\.vscode\extensions\redhat.java-1.47.0-win32-x64\lombok\lombok-1.18.39-4050.jar path:c:\Users\adity\.vscode\extensions\redhat.java-1.47.0-win32-x64\jre\21.0.8-win32-x86_64\bin\instrument.dll, loaded, initialized, instrumentlib options:none

dbghelp: loaded successfully - version: 4.0.5 - missing functions: none
symbol engine: initialized successfully - sym options: 0x614 - pdb path: .;c:\Users\adity\.vscode\extensions\redhat.java-1.47.0-win32-x64\jre\21.0.8-win32-x86_64\bin;C:\WINDOWS\SYSTEM32;C:\WINDOWS\WinSxS\amd64_microsoft.windows.common-controls_6595b64144ccf1df_6.0.26100.7019_none_3e06ffa0e335b8a8;c:\Users\adity\.vscode\extensions\redhat.java-1.47.0-win32-x64\jre\21.0.8-win32-x86_64\bin\server;C:\Users\adity\AppData\Roaming\Code\User\globalStorage\redhat.java\1.47.0\config_win\org.eclipse.equinox.launcher\org.eclipse.equinox.launcher.win32.win32.x86_64_1.2.1400.v20250801-0854;C:\Users\adity\AppData\Local\Temp\jna-1956490294

VM Arguments:
jvm_args: --add-modules=ALL-SYSTEM --add-opens=java.base/java.util=ALL-UNNAMED --add-opens=java.base/java.lang=ALL-UNNAMED --add-opens=java.base/sun.nio.fs=ALL-UNNAMED -Declipse.application=org.eclipse.jdt.ls.core.id1 -Dosgi.bundles.defaultStartLevel=4 -Declipse.product=org.eclipse.jdt.ls.core.product -Djava.import.generatesMetadataFilesAtProjectRoot=false -DDetectVMInstallationsJob.disabled=true -Dfile.encoding=utf8 -XX:+UseParallelGC -XX:GCTimeRatio=4 -XX:AdaptiveSizePolicyWeight=90 -Dsun.zip.disableMemoryMapping=true -Xmx2G -Xms100m -Xlog:disable -javaagent:c:\Users\adity\.vscode\extensions\redhat.java-1.47.0-win32-x64\lombok\lombok-1.18.39-4050.jar -XX:+HeapDumpOnOutOfMemoryError -XX:HeapDumpPath=c:\Users\adity\AppData\Roaming\Code\User\workspaceStorage\0b8b21bd54ee118a55689f5336832967\redhat.java -Daether.dependencyCollector.impl=bf 
java_command: c:\Users\adity\.vscode\extensions\redhat.java-1.47.0-win32-x64\server\plugins\org.eclipse.equinox.launcher_1.7.100.v20251014-1222.jar -configuration c:\Users\adity\AppData\Roaming\Code\User\globalStorage\redhat.java\1.47.0\config_win -data c:\Users\adity\AppData\Roaming\Code\User\workspaceStorage\0b8b21bd54ee118a55689f5336832967\redhat.java\jdt_ws --pipe=\\.\pipe\lsp-b70c828f4ff65cf2f8480ade2ff41e1f-sock
java_class_path (initial): c:\Users\adity\.vscode\extensions\redhat.java-1.47.0-win32-x64\server\plugins\org.eclipse.equinox.launcher_1.7.100.v20251014-1222.jar
Launcher Type: SUN_STANDARD

[Global flags]
    uintx AdaptiveSizePolicyWeight                 = 90                                        {product} {command line}
     intx CICompilerCount                          = 4                                         {product} {ergonomic}
    uintx GCTimeRatio                              = 4                                         {product} {command line}
     bool HeapDumpOnOutOfMemoryError               = true                                   {manageable} {command line}
    ccstr HeapDumpPath                             = c:\Users\adity\AppData\Roaming\Code\User\workspaceStorage\0b8b21bd54ee118a55689f5336832967\redhat.java         {manageable} {command line}
   size_t InitialHeapSize                          = 104857600                                 {product} {command line}
   size_t MaxHeapSize                              = 2147483648                                {product} {command line}
   size_t MaxNewSize                               = 715653120                                 {product} {ergonomic}
   size_t MinHeapDeltaBytes                        = 524288                                    {product} {ergonomic}
   size_t MinHeapSize                              = 104857600                                 {product} {command line}
   size_t NewSize                                  = 34603008                                  {product} {ergonomic}
    uintx NonNMethodCodeHeapSize                   = 5839372                                {pd product} {ergonomic}
    uintx NonProfiledCodeHeapSize                  = 122909434                              {pd product} {ergonomic}
   size_t OldSize                                  = 70254592                                  {product} {ergonomic}
    uintx ProfiledCodeHeapSize                     = 122909434                              {pd product} {ergonomic}
    uintx ReservedCodeCacheSize                    = 251658240                              {pd product} {ergonomic}
     bool SegmentedCodeCache                       = true                                      {product} {ergonomic}
   size_t SoftMaxHeapSize                          = 2147483648                             {manageable} {ergonomic}
     bool UseCompressedOops                        = true                           {product lp64_product} {ergonomic}
     bool UseLargePagesIndividualAllocation        = false                                  {pd product} {ergonomic}
     bool UseParallelGC                            = true                                      {product} {command line}

Logging:
Log output configuration:
 #0: stdout all=off uptime,level,tags foldmultilines=false
 #1: stderr all=off uptime,level,tags foldmultilines=false

Environment Variables:
JAVA_HOME=C:\Program Files\Java\jdk-24
PATH=C:\Program Files\Python311\Scripts\;C:\Program Files\Python311\;C:\Program Files\Common Files\Oracle\Java\javapath;C:\Windows\system32;C:\Windows;C:\Windows\System32\Wbem;C:\Windows\System32\WindowsPowerShell\v1.0\;C:\Windows\System32\OpenSSH\;C:\Program Files\NVIDIA Corporation\NVIDIA NvDLISR;C:\Program Files\dotnet\;C:\Program Files\Microchip\xc8\v2.41\bin;C:\sqlite3;C:\WINDOWS\system32;C:\WINDOWS;C:\WINDOWS\System32\Wbem;C:\WINDOWS\System32\WindowsPowerShell\v1.0\;C:\WINDOWS\System32\OpenSSH\;C:\ProgramData\chocolatey\bin;C:\Program Files\MySQL\MySQL Server 8.0\bin;C:\Program Files\php-8.3.0;C:\Users\adity\Downloads\apache-maven-3.9.9-bin\apache-maven-3.9.9\bin;C:\Program Files\Python312;C:\Program Files\apache-maven-3.9.11\bin;C:\Program Files\Java\jdk-24\bin;C:\Program Files\Docker\Docker\resources\bin;C:\Program Files\nodejs\;C:\Program Files\Git\cmd;D:\postgres;C:\Program Files\MySQL\MySQL Shell 8.0\bin\;C:\Users\adity\.console-ninja\.bin;C:\Users\adity\AppData\Local\Microsoft\WindowsApps;C:\Users\adity\AppData\Local\JetBrains\IntelliJ IDEA Community Edition 2022.2.4\bin;C:\Users\adity\AppData\Local\Programs\Hyper\resources\bin;C:\Users\adity\AppData\Local\Programs\Microsoft VS Code\bin;C:\Program Files\MongoDB\Server\7.0\bin;C:\Users\adity\.bun\bin;C:\Users\adity\AppData\Local\Microsoft\WindowsApps;C:\Users\adity\AppData\Local\Programs\cursor\resources\app\bin;C:\Program Files\JetBrains\IntelliJ IDEA Community Edition 2024.3.5\bin;;C:\Users\adity\AppData\Local\Programs\IntelliJ IDEA 2025.2.1\bin;C:\Users\adity\AppData\Roaming\npm
USERNAME=Aditya
OS=Windows_NT
PROCESSOR_IDENTIFIER=Intel64 Family 6 Model 140 Stepping 1, GenuineIntel
TMP=C:\Users\adity\AppData\Local\Temp
TEMP=C:\Users\adity\AppData\Local\Temp




Periodic native trim disabled

---------------  S Y S T E M  ---------------

OS:
 Windows 11 , 64 bit Build 26100 (10.0.26100.7019)
OS uptime: 0 days 3:45 hours
Hyper-V role detected

CPU: total 8 (initial active 8) (4 cores per cpu, 2 threads per core) family 6 model 140 stepping 1 microcode 0xbc, cx8, cmov, fxsr, ht, mmx, 3dnowpref, sse, sse2, sse3, ssse3, sse4.1, sse4.2, popcnt, lzcnt, tsc, tscinvbit, avx, avx2, aes, erms, clmul, bmi1, bmi2, adx, avx512f, avx512dq, avx512cd, avx512bw, avx512vl, sha, fma, vzeroupper, avx512_vpopcntdq, avx512_vpclmulqdq, avx512_vaes, avx512_vnni, clflush, clflushopt, clwb, avx512_vbmi2, avx512_vbmi, hv, rdtscp, rdpid, fsrm, gfni, avx512_bitalg, f16c, cet_ibt, cet_ss, avx512_ifma
Processor Information for the first 8 processors :
  Max Mhz: 2419, Current Mhz: 2419, Mhz Limit: 2419

Memory: 4k page, system-wide physical 16118M (847M free)
TotalPageFile size 24181M (AvailPageFile size 32M)
current process WorkingSet (physical memory assigned to process): 769M, peak: 796M
current process commit charge ("private bytes"): 775M, peak: 810M

vm_info: OpenJDK 64-Bit Server VM (21.0.8+9-LTS) for windows-amd64 JRE (21.0.8+9-LTS), built on 2025-07-15T00:00:00Z by "admin" with MS VC++ 17.7 (VS2022)

END.
