#
# There is insufficient memory for the Java Runtime Environment to continue.
# Native memory allocation (malloc) failed to allocate 767216 bytes. Error detail: Chunk::new
# Possible reasons:
#   The system is out of physical RAM or swap space
#   This process is running with CompressedOops enabled, and the Java Heap may be blocking the growth of the native heap
# Possible solutions:
#   Reduce memory load on the system
#   Increase physical memory or swap space
#   Check if swap backing store is full
#   Decrease Java heap size (-Xmx/-Xms)
#   Decrease number of Java threads
#   Decrease Java thread stack sizes (-Xss)
#   Set larger code cache with -XX:ReservedCodeCacheSize=
#   JVM is running with Unscaled Compressed Oops mode in which the Java heap is
#     placed in the first 4GB address space. The Java Heap base address is the
#     maximum limit for the native heap growth. Please use -XX:HeapBaseMinAddress
#     to set the Java Heap base and to place the Java Heap above 4GB virtual address.
# This output file may be truncated or incomplete.
#
#  Out of Memory Error (arena.cpp:168), pid=4936, tid=20384
#
# JRE version: OpenJDK Runtime Environment Temurin-21.0.8+9 (21.0.8+9) (build 21.0.8+9-LTS)
# Java VM: OpenJDK 64-Bit Server VM Temurin-21.0.8+9 (21.0.8+9-LTS, mixed mode, sharing, tiered, compressed oops, compressed class ptrs, g1 gc, windows-amd64)
# No core dump will be written. Minidumps are not enabled by default on client versions of Windows
#

---------------  S U M M A R Y ------------

Command Line: --add-opens=java.base/java.lang=ALL-UNNAMED --add-opens=java.base/java.lang.invoke=ALL-UNNAMED --add-opens=java.base/java.util=ALL-UNNAMED --add-opens=java.prefs/java.util.prefs=ALL-UNNAMED --add-exports=jdk.compiler/com.sun.tools.javac.api=ALL-UNNAMED --add-exports=jdk.compiler/com.sun.tools.javac.util=ALL-UNNAMED --add-opens=java.base/java.util=ALL-UNNAMED --add-opens=java.prefs/java.util.prefs=ALL-UNNAMED --add-opens=java.base/java.nio.charset=ALL-UNNAMED --add-opens=java.base/java.net=ALL-UNNAMED --add-opens=java.base/java.util.concurrent.atomic=ALL-UNNAMED --add-opens=java.xml/javax.xml.namespace=ALL-UNNAMED -XX:MaxMetaspaceSize=512m -XX:+HeapDumpOnOutOfMemoryError -Xmx2g -Dfile.encoding=UTF-8 -Duser.country=IN -Duser.language=en -Duser.variant -javaagent:C:\Users\adity\.gradle\wrapper\dists\gradle-8.13-bin\5xuhj0ry160q40clulazy9h7d\gradle-8.13\lib\agents\gradle-instrumentation-agent-8.13.jar org.gradle.launcher.daemon.bootstrap.GradleDaemon 8.13

Host: 11th Gen Intel(R) Core(TM) i5-1135G7 @ 2.40GHz, 8 cores, 15G,  Windows 11 , 64 bit Build 26100 (10.0.26100.7019)
Time: Mon Nov 17 12:57:24 2025 India Standard Time elapsed time: 1.980434 seconds (0d 0h 0m 1s)

---------------  T H R E A D  ---------------

Current thread (0x00000288c6fdea90):  JavaThread "C2 CompilerThread0" daemon [_thread_in_native, id=20384, stack(0x000000ad9a900000,0x000000ad9aa00000) (1024K)]


Current CompileTask:
C2:1980 2683       4       java.lang.invoke.MethodType::makeImpl (109 bytes)

Stack: [0x000000ad9a900000,0x000000ad9aa00000]
Native frames: (J=compiled Java code, j=interpreted, Vv=VM code, C=native code)
V  [jvm.dll+0x6d2449]
V  [jvm.dll+0x8ae341]
V  [jvm.dll+0x8b08be]
V  [jvm.dll+0x8b0fa3]
V  [jvm.dll+0x280c96]
V  [jvm.dll+0xc581d]
V  [jvm.dll+0xc5d53]
V  [jvm.dll+0x2f539d]
V  [jvm.dll+0x5fa00a]
V  [jvm.dll+0x252092]
V  [jvm.dll+0x24a56e]
V  [jvm.dll+0x2483a4]
V  [jvm.dll+0x1c89ee]
V  [jvm.dll+0x257d4d]
V  [jvm.dll+0x2562ea]
V  [jvm.dll+0x3f2d16]
V  [jvm.dll+0x857e6b]
V  [jvm.dll+0x6d0b0d]
C  [ucrtbase.dll+0x37b0]
C  [KERNEL32.DLL+0x2e8d7]
C  [ntdll.dll+0x8c53c]


---------------  P R O C E S S  ---------------

Threads class SMR info:
_java_thread_list=0x00000288e8aa2a00, length=26, elements={
0x00000288ada82d30, 0x00000288c6fc0030, 0x00000288c6fc0b80, 0x00000288c6fc37e0,
0x00000288c6fc8380, 0x00000288c6fc8f00, 0x00000288c6fc9a80, 0x00000288c6fdea90,
0x00000288c6fe9130, 0x00000288e218c330, 0x00000288e2393800, 0x00000288c6fe9ed0,
0x00000288c6fe9800, 0x00000288e84f67d0, 0x00000288e85e7c90, 0x00000288e85e5b70,
0x00000288e84c7a60, 0x00000288e84c80c0, 0x00000288e8676770, 0x00000288e867ba70,
0x00000288e867e0e0, 0x00000288e86bd8e0, 0x00000288e86bb180, 0x00000288e86bb810,
0x00000288e86bbea0, 0x00000288e86bdf70
}

Java Threads: ( => current thread )
  0x00000288ada82d30 JavaThread "main"                              [_thread_blocked, id=3968, stack(0x000000ad99b00000,0x000000ad99c00000) (1024K)]
  0x00000288c6fc0030 JavaThread "Reference Handler"          daemon [_thread_blocked, id=15660, stack(0x000000ad9a300000,0x000000ad9a400000) (1024K)]
  0x00000288c6fc0b80 JavaThread "Finalizer"                  daemon [_thread_blocked, id=23624, stack(0x000000ad9a400000,0x000000ad9a500000) (1024K)]
  0x00000288c6fc37e0 JavaThread "Signal Dispatcher"          daemon [_thread_blocked, id=31220, stack(0x000000ad9a500000,0x000000ad9a600000) (1024K)]
  0x00000288c6fc8380 JavaThread "Attach Listener"            daemon [_thread_blocked, id=13096, stack(0x000000ad9a600000,0x000000ad9a700000) (1024K)]
  0x00000288c6fc8f00 JavaThread "Service Thread"             daemon [_thread_blocked, id=8672, stack(0x000000ad9a700000,0x000000ad9a800000) (1024K)]
  0x00000288c6fc9a80 JavaThread "Monitor Deflation Thread"   daemon [_thread_blocked, id=15668, stack(0x000000ad9a800000,0x000000ad9a900000) (1024K)]
=>0x00000288c6fdea90 JavaThread "C2 CompilerThread0"         daemon [_thread_in_native, id=20384, stack(0x000000ad9a900000,0x000000ad9aa00000) (1024K)]
  0x00000288c6fe9130 JavaThread "C1 CompilerThread0"         daemon [_thread_in_vm, id=12244, stack(0x000000ad9aa00000,0x000000ad9ab00000) (1024K)]
  0x00000288e218c330 JavaThread "Common-Cleaner"             daemon [_thread_blocked, id=15548, stack(0x000000ad9ab00000,0x000000ad9ac00000) (1024K)]
  0x00000288e2393800 JavaThread "Notification Thread"        daemon [_thread_blocked, id=18816, stack(0x000000ad9ac00000,0x000000ad9ad00000) (1024K)]
  0x00000288c6fe9ed0 JavaThread "C2 CompilerThread1"         daemon [_thread_in_native, id=16908, stack(0x000000ad9ad00000,0x000000ad9ae00000) (1024K)]
  0x00000288c6fe9800 JavaThread "C2 CompilerThread2"         daemon [_thread_in_native, id=18596, stack(0x000000ad9ae00000,0x000000ad9af00000) (1024K)]
  0x00000288e84f67d0 JavaThread "Daemon health stats"               [_thread_blocked, id=24560, stack(0x000000ad9b400000,0x000000ad9b500000) (1024K)]
  0x00000288e85e7c90 JavaThread "Incoming local TCP Connector on port 60083"        [_thread_in_native, id=1360, stack(0x000000ad9b700000,0x000000ad9b800000) (1024K)]
  0x00000288e85e5b70 JavaThread "Daemon periodic checks"            [_thread_blocked, id=3564, stack(0x000000ad9b800000,0x000000ad9b900000) (1024K)]
  0x00000288e84c7a60 JavaThread "Daemon"                            [_thread_blocked, id=24336, stack(0x000000ad9b900000,0x000000ad9ba00000) (1024K)]
  0x00000288e84c80c0 JavaThread "Handler for socket connection from /127.0.0.1:60083 to /127.0.0.1:60084"        [_thread_in_native, id=20776, stack(0x000000ad9ba00000,0x000000ad9bb00000) (1024K)]
  0x00000288e8676770 JavaThread "Cancel handler"                    [_thread_blocked, id=25448, stack(0x000000ad9bb00000,0x000000ad9bc00000) (1024K)]
  0x00000288e867ba70 JavaThread "Daemon worker"                     [_thread_in_vm, id=25148, stack(0x000000ad9bc00000,0x000000ad9bd00000) (1024K)]
  0x00000288e867e0e0 JavaThread "Asynchronous log dispatcher for DefaultDaemonConnection: socket connection from /127.0.0.1:60083 to /127.0.0.1:60084"        [_thread_blocked, id=20112, stack(0x000000ad9bd00000,0x000000ad9be00000) (1024K)]
  0x00000288e86bd8e0 JavaThread "Stdin handler"                     [_thread_blocked, id=30108, stack(0x000000ad9be00000,0x000000ad9bf00000) (1024K)]
  0x00000288e86bb180 JavaThread "Daemon client event forwarder"        [_thread_blocked, id=21696, stack(0x000000ad9bf00000,0x000000ad9c000000) (1024K)]
  0x00000288e86bb810 JavaThread "Cache worker for journal cache (C:\Users\adity\.gradle\caches\journal-1)"        [_thread_blocked, id=13008, stack(0x000000ad9c000000,0x000000ad9c100000) (1024K)]
  0x00000288e86bbea0 JavaThread "File lock request listener"        [_thread_in_native, id=25780, stack(0x000000ad9c100000,0x000000ad9c200000) (1024K)]
  0x00000288e86bdf70 JavaThread "Cache worker for file hash cache (C:\Users\adity\.gradle\caches\8.13\fileHashes)"        [_thread_blocked, id=25624, stack(0x000000ad9c200000,0x000000ad9c300000) (1024K)]
Total: 26

Other Threads:
  0x00000288c6fa5eb0 VMThread "VM Thread"                           [id=25388, stack(0x000000ad9a200000,0x000000ad9a300000) (1024K)]
  0x00000288c6f98b10 WatcherThread "VM Periodic Task Thread"        [id=29436, stack(0x000000ad9a100000,0x000000ad9a200000) (1024K)]
  0x00000288adada230 WorkerThread "GC Thread#0"                     [id=25636, stack(0x000000ad99c00000,0x000000ad99d00000) (1024K)]
  0x00000288e29efc30 WorkerThread "GC Thread#1"                     [id=32344, stack(0x000000ad9af00000,0x000000ad9b000000) (1024K)]
  0x00000288e27548b0 WorkerThread "GC Thread#2"                     [id=32580, stack(0x000000ad9b000000,0x000000ad9b100000) (1024K)]
  0x00000288e2754c50 WorkerThread "GC Thread#3"                     [id=28752, stack(0x000000ad9b100000,0x000000ad9b200000) (1024K)]
  0x00000288e2754ff0 WorkerThread "GC Thread#4"                     [id=24600, stack(0x000000ad9b200000,0x000000ad9b300000) (1024K)]
  0x00000288e27828f0 WorkerThread "GC Thread#5"                     [id=10920, stack(0x000000ad9b300000,0x000000ad9b400000) (1024K)]
  0x00000288e8394050 WorkerThread "GC Thread#6"                     [id=14180, stack(0x000000ad9b500000,0x000000ad9b600000) (1024K)]
  0x00000288e85af6d0 WorkerThread "GC Thread#7"                     [id=32184, stack(0x000000ad9b600000,0x000000ad9b700000) (1024K)]
  0x00000288adb2a010 ConcurrentGCThread "G1 Main Marker"            [id=17956, stack(0x000000ad99d00000,0x000000ad99e00000) (1024K)]
  0x00000288adb2b1c0 WorkerThread "G1 Conc#0"                       [id=29852, stack(0x000000ad99e00000,0x000000ad99f00000) (1024K)]
  0x00000288c6eeae00 ConcurrentGCThread "G1 Refine#0"               [id=30228, stack(0x000000ad99f00000,0x000000ad9a000000) (1024K)]
  0x00000288c6eeb880 ConcurrentGCThread "G1 Service"                [id=5356, stack(0x000000ad9a000000,0x000000ad9a100000) (1024K)]
Total: 14

Threads with active compile tasks:
C2 CompilerThread0  1995 2683       4       java.lang.invoke.MethodType::makeImpl (109 bytes)
C1 CompilerThread0  1996 2715       3       java.lang.invoke.InvokerBytecodeGenerator::emitReturn (107 bytes)
C2 CompilerThread1  1997 2674   !   4       java.lang.ClassLoader::loadClass (121 bytes)
C2 CompilerThread2  1997 2712       4       java.util.concurrent.ConcurrentHashMap::get (162 bytes)
Total: 4

VM state: not at safepoint (normal execution)

VM Mutex/Monitor currently owned by a thread: None

Heap address: 0x0000000080000000, size: 2048 MB, Compressed Oops mode: 32-bit

CDS archive(s) mapped at: [0x00000288c7000000-0x00000288c7ba0000-0x00000288c7ba0000), size 12189696, SharedBaseAddress: 0x00000288c7000000, ArchiveRelocationMode: 1.
Compressed class space mapped at: 0x00000288c8000000-0x00000288e2000000, reserved size: 436207616
Narrow klass base: 0x00000288c7000000, Narrow klass shift: 0, Narrow klass range: 0x100000000

GC Precious Log:
 CardTable entry size: 512
 Card Set container configuration: InlinePtr #cards 5 size 8 Array Of Cards #cards 12 size 40 Howl #buckets 4 coarsen threshold 1843 Howl Bitmap #cards 512 size 80 coarsen threshold 460 Card regions per heap region 1 cards per card region 2048
 CPUs: 8 total, 8 available
 Memory: 16118M
 Large Page Support: Disabled
 NUMA Support: Disabled
 Compressed Oops: Enabled (32-bit)
 Heap Region Size: 1M
 Heap Min Capacity: 8M
 Heap Initial Capacity: 252M
 Heap Max Capacity: 2G
 Pre-touch: Disabled
 Parallel Workers: 8
 Concurrent Workers: 2
 Concurrent Refinement Workers: 8
 Periodic GC: Disabled

Heap:
 garbage-first heap   total 258048K, used 64148K [0x0000000080000000, 0x0000000100000000)
  region size 1024K, 52 young (53248K), 6 survivors (6144K)
 Metaspace       used 15757K, committed 16256K, reserved 491520K
  class space    used 2198K, committed 2432K, reserved 425984K

Heap Regions: E=young(eden), S=young(survivor), O=old, HS=humongous(starts), HC=humongous(continues), CS=collection set, F=free, TAMS=top-at-mark-start, PB=parsable bottom
|   0|0x0000000080000000, 0x0000000080100000, 0x0000000080100000|100%|HS|  |TAMS 0x0000000080000000| PB 0x0000000080000000| Complete 
|   1|0x0000000080100000, 0x0000000080200000, 0x0000000080200000|100%|HC|  |TAMS 0x0000000080100000| PB 0x0000000080100000| Complete 
|   2|0x0000000080200000, 0x0000000080300000, 0x0000000080300000|100%|HC|  |TAMS 0x0000000080200000| PB 0x0000000080200000| Complete 
|   3|0x0000000080300000, 0x0000000080400000, 0x0000000080400000|100%| O|  |TAMS 0x0000000080300000| PB 0x0000000080300000| Untracked 
|   4|0x0000000080400000, 0x0000000080500000, 0x0000000080500000|100%| O|  |TAMS 0x0000000080400000| PB 0x0000000080400000| Untracked 
|   5|0x0000000080500000, 0x0000000080600000, 0x0000000080600000|100%| O|  |TAMS 0x0000000080500000| PB 0x0000000080500000| Untracked 
|   6|0x0000000080600000, 0x0000000080700000, 0x0000000080700000|100%|HS|  |TAMS 0x0000000080600000| PB 0x0000000080600000| Complete 
|   7|0x0000000080700000, 0x0000000080700000, 0x0000000080800000|  0%| F|  |TAMS 0x0000000080700000| PB 0x0000000080700000| Untracked 
|   8|0x0000000080800000, 0x0000000080900000, 0x0000000080900000|100%| O|  |TAMS 0x0000000080800000| PB 0x0000000080800000| Untracked 
|   9|0x0000000080900000, 0x0000000080a00000, 0x0000000080a00000|100%| O|  |TAMS 0x0000000080900000| PB 0x0000000080900000| Untracked 
|  10|0x0000000080a00000, 0x0000000080b00000, 0x0000000080b00000|100%| O|  |TAMS 0x0000000080a00000| PB 0x0000000080a00000| Untracked 
|  11|0x0000000080b00000, 0x0000000080c00000, 0x0000000080c00000|100%| O|  |TAMS 0x0000000080b00000| PB 0x0000000080b00000| Untracked 
|  12|0x0000000080c00000, 0x0000000080cc64f0, 0x0000000080d00000| 77%| O|  |TAMS 0x0000000080c00000| PB 0x0000000080c00000| Untracked 
|  13|0x0000000080d00000, 0x0000000080d00000, 0x0000000080e00000|  0%| F|  |TAMS 0x0000000080d00000| PB 0x0000000080d00000| Untracked 
|  14|0x0000000080e00000, 0x0000000080e00000, 0x0000000080f00000|  0%| F|  |TAMS 0x0000000080e00000| PB 0x0000000080e00000| Untracked 
|  15|0x0000000080f00000, 0x0000000080f00000, 0x0000000081000000|  0%| F|  |TAMS 0x0000000080f00000| PB 0x0000000080f00000| Untracked 
|  16|0x0000000081000000, 0x0000000081000000, 0x0000000081100000|  0%| F|  |TAMS 0x0000000081000000| PB 0x0000000081000000| Untracked 
|  17|0x0000000081100000, 0x0000000081100000, 0x0000000081200000|  0%| F|  |TAMS 0x0000000081100000| PB 0x0000000081100000| Untracked 
|  18|0x0000000081200000, 0x0000000081200000, 0x0000000081300000|  0%| F|  |TAMS 0x0000000081200000| PB 0x0000000081200000| Untracked 
|  19|0x0000000081300000, 0x0000000081300000, 0x0000000081400000|  0%| F|  |TAMS 0x0000000081300000| PB 0x0000000081300000| Untracked 
|  20|0x0000000081400000, 0x0000000081400000, 0x0000000081500000|  0%| F|  |TAMS 0x0000000081400000| PB 0x0000000081400000| Untracked 
|  21|0x0000000081500000, 0x0000000081500000, 0x0000000081600000|  0%| F|  |TAMS 0x0000000081500000| PB 0x0000000081500000| Untracked 
|  22|0x0000000081600000, 0x0000000081600000, 0x0000000081700000|  0%| F|  |TAMS 0x0000000081600000| PB 0x0000000081600000| Untracked 
|  23|0x0000000081700000, 0x0000000081700000, 0x0000000081800000|  0%| F|  |TAMS 0x0000000081700000| PB 0x0000000081700000| Untracked 
|  24|0x0000000081800000, 0x0000000081800000, 0x0000000081900000|  0%| F|  |TAMS 0x0000000081800000| PB 0x0000000081800000| Untracked 
|  25|0x0000000081900000, 0x0000000081900000, 0x0000000081a00000|  0%| F|  |TAMS 0x0000000081900000| PB 0x0000000081900000| Untracked 
|  26|0x0000000081a00000, 0x0000000081a00000, 0x0000000081b00000|  0%| F|  |TAMS 0x0000000081a00000| PB 0x0000000081a00000| Untracked 
|  27|0x0000000081b00000, 0x0000000081b00000, 0x0000000081c00000|  0%| F|  |TAMS 0x0000000081b00000| PB 0x0000000081b00000| Untracked 
|  28|0x0000000081c00000, 0x0000000081c00000, 0x0000000081d00000|  0%| F|  |TAMS 0x0000000081c00000| PB 0x0000000081c00000| Untracked 
|  29|0x0000000081d00000, 0x0000000081d00000, 0x0000000081e00000|  0%| F|  |TAMS 0x0000000081d00000| PB 0x0000000081d00000| Untracked 
|  30|0x0000000081e00000, 0x0000000081e00000, 0x0000000081f00000|  0%| F|  |TAMS 0x0000000081e00000| PB 0x0000000081e00000| Untracked 
|  31|0x0000000081f00000, 0x0000000081f00000, 0x0000000082000000|  0%| F|  |TAMS 0x0000000081f00000| PB 0x0000000081f00000| Untracked 
|  32|0x0000000082000000, 0x0000000082000000, 0x0000000082100000|  0%| F|  |TAMS 0x0000000082000000| PB 0x0000000082000000| Untracked 
|  33|0x0000000082100000, 0x0000000082100000, 0x0000000082200000|  0%| F|  |TAMS 0x0000000082100000| PB 0x0000000082100000| Untracked 
|  34|0x0000000082200000, 0x0000000082200000, 0x0000000082300000|  0%| F|  |TAMS 0x0000000082200000| PB 0x0000000082200000| Untracked 
|  35|0x0000000082300000, 0x0000000082300000, 0x0000000082400000|  0%| F|  |TAMS 0x0000000082300000| PB 0x0000000082300000| Untracked 
|  36|0x0000000082400000, 0x0000000082400000, 0x0000000082500000|  0%| F|  |TAMS 0x0000000082400000| PB 0x0000000082400000| Untracked 
|  37|0x0000000082500000, 0x0000000082500000, 0x0000000082600000|  0%| F|  |TAMS 0x0000000082500000| PB 0x0000000082500000| Untracked 
|  38|0x0000000082600000, 0x0000000082600000, 0x0000000082700000|  0%| F|  |TAMS 0x0000000082600000| PB 0x0000000082600000| Untracked 
|  39|0x0000000082700000, 0x0000000082700000, 0x0000000082800000|  0%| F|  |TAMS 0x0000000082700000| PB 0x0000000082700000| Untracked 
|  40|0x0000000082800000, 0x0000000082800000, 0x0000000082900000|  0%| F|  |TAMS 0x0000000082800000| PB 0x0000000082800000| Untracked 
|  41|0x0000000082900000, 0x0000000082900000, 0x0000000082a00000|  0%| F|  |TAMS 0x0000000082900000| PB 0x0000000082900000| Untracked 
|  42|0x0000000082a00000, 0x0000000082a00000, 0x0000000082b00000|  0%| F|  |TAMS 0x0000000082a00000| PB 0x0000000082a00000| Untracked 
|  43|0x0000000082b00000, 0x0000000082b00000, 0x0000000082c00000|  0%| F|  |TAMS 0x0000000082b00000| PB 0x0000000082b00000| Untracked 
|  44|0x0000000082c00000, 0x0000000082c00000, 0x0000000082d00000|  0%| F|  |TAMS 0x0000000082c00000| PB 0x0000000082c00000| Untracked 
|  45|0x0000000082d00000, 0x0000000082d00000, 0x0000000082e00000|  0%| F|  |TAMS 0x0000000082d00000| PB 0x0000000082d00000| Untracked 
|  46|0x0000000082e00000, 0x0000000082e00000, 0x0000000082f00000|  0%| F|  |TAMS 0x0000000082e00000| PB 0x0000000082e00000| Untracked 
|  47|0x0000000082f00000, 0x0000000082f00000, 0x0000000083000000|  0%| F|  |TAMS 0x0000000082f00000| PB 0x0000000082f00000| Untracked 
|  48|0x0000000083000000, 0x0000000083000000, 0x0000000083100000|  0%| F|  |TAMS 0x0000000083000000| PB 0x0000000083000000| Untracked 
|  49|0x0000000083100000, 0x0000000083100000, 0x0000000083200000|  0%| F|  |TAMS 0x0000000083100000| PB 0x0000000083100000| Untracked 
|  50|0x0000000083200000, 0x0000000083200000, 0x0000000083300000|  0%| F|  |TAMS 0x0000000083200000| PB 0x0000000083200000| Untracked 
|  51|0x0000000083300000, 0x0000000083300000, 0x0000000083400000|  0%| F|  |TAMS 0x0000000083300000| PB 0x0000000083300000| Untracked 
|  52|0x0000000083400000, 0x0000000083400000, 0x0000000083500000|  0%| F|  |TAMS 0x0000000083400000| PB 0x0000000083400000| Untracked 
|  53|0x0000000083500000, 0x0000000083500000, 0x0000000083600000|  0%| F|  |TAMS 0x0000000083500000| PB 0x0000000083500000| Untracked 
|  54|0x0000000083600000, 0x0000000083600000, 0x0000000083700000|  0%| F|  |TAMS 0x0000000083600000| PB 0x0000000083600000| Untracked 
|  55|0x0000000083700000, 0x0000000083700000, 0x0000000083800000|  0%| F|  |TAMS 0x0000000083700000| PB 0x0000000083700000| Untracked 
|  56|0x0000000083800000, 0x0000000083800000, 0x0000000083900000|  0%| F|  |TAMS 0x0000000083800000| PB 0x0000000083800000| Untracked 
|  57|0x0000000083900000, 0x0000000083900000, 0x0000000083a00000|  0%| F|  |TAMS 0x0000000083900000| PB 0x0000000083900000| Untracked 
|  58|0x0000000083a00000, 0x0000000083a00000, 0x0000000083b00000|  0%| F|  |TAMS 0x0000000083a00000| PB 0x0000000083a00000| Untracked 
|  59|0x0000000083b00000, 0x0000000083b00000, 0x0000000083c00000|  0%| F|  |TAMS 0x0000000083b00000| PB 0x0000000083b00000| Untracked 
|  60|0x0000000083c00000, 0x0000000083c00000, 0x0000000083d00000|  0%| F|  |TAMS 0x0000000083c00000| PB 0x0000000083c00000| Untracked 
|  61|0x0000000083d00000, 0x0000000083d00000, 0x0000000083e00000|  0%| F|  |TAMS 0x0000000083d00000| PB 0x0000000083d00000| Untracked 
|  62|0x0000000083e00000, 0x0000000083e00000, 0x0000000083f00000|  0%| F|  |TAMS 0x0000000083e00000| PB 0x0000000083e00000| Untracked 
|  63|0x0000000083f00000, 0x0000000083f00000, 0x0000000084000000|  0%| F|  |TAMS 0x0000000083f00000| PB 0x0000000083f00000| Untracked 
|  64|0x0000000084000000, 0x0000000084000000, 0x0000000084100000|  0%| F|  |TAMS 0x0000000084000000| PB 0x0000000084000000| Untracked 
|  65|0x0000000084100000, 0x0000000084100000, 0x0000000084200000|  0%| F|  |TAMS 0x0000000084100000| PB 0x0000000084100000| Untracked 
|  66|0x0000000084200000, 0x0000000084200000, 0x0000000084300000|  0%| F|  |TAMS 0x0000000084200000| PB 0x0000000084200000| Untracked 
|  67|0x0000000084300000, 0x0000000084300000, 0x0000000084400000|  0%| F|  |TAMS 0x0000000084300000| PB 0x0000000084300000| Untracked 
|  68|0x0000000084400000, 0x0000000084400000, 0x0000000084500000|  0%| F|  |TAMS 0x0000000084400000| PB 0x0000000084400000| Untracked 
|  69|0x0000000084500000, 0x0000000084500000, 0x0000000084600000|  0%| F|  |TAMS 0x0000000084500000| PB 0x0000000084500000| Untracked 
|  70|0x0000000084600000, 0x0000000084600000, 0x0000000084700000|  0%| F|  |TAMS 0x0000000084600000| PB 0x0000000084600000| Untracked 
|  71|0x0000000084700000, 0x0000000084700000, 0x0000000084800000|  0%| F|  |TAMS 0x0000000084700000| PB 0x0000000084700000| Untracked 
|  72|0x0000000084800000, 0x0000000084800000, 0x0000000084900000|  0%| F|  |TAMS 0x0000000084800000| PB 0x0000000084800000| Untracked 
|  73|0x0000000084900000, 0x0000000084900000, 0x0000000084a00000|  0%| F|  |TAMS 0x0000000084900000| PB 0x0000000084900000| Untracked 
|  74|0x0000000084a00000, 0x0000000084a00000, 0x0000000084b00000|  0%| F|  |TAMS 0x0000000084a00000| PB 0x0000000084a00000| Untracked 
|  75|0x0000000084b00000, 0x0000000084b00000, 0x0000000084c00000|  0%| F|  |TAMS 0x0000000084b00000| PB 0x0000000084b00000| Untracked 
|  76|0x0000000084c00000, 0x0000000084c00000, 0x0000000084d00000|  0%| F|  |TAMS 0x0000000084c00000| PB 0x0000000084c00000| Untracked 
|  77|0x0000000084d00000, 0x0000000084d00000, 0x0000000084e00000|  0%| F|  |TAMS 0x0000000084d00000| PB 0x0000000084d00000| Untracked 
|  78|0x0000000084e00000, 0x0000000084e00000, 0x0000000084f00000|  0%| F|  |TAMS 0x0000000084e00000| PB 0x0000000084e00000| Untracked 
|  79|0x0000000084f00000, 0x0000000084f00000, 0x0000000085000000|  0%| F|  |TAMS 0x0000000084f00000| PB 0x0000000084f00000| Untracked 
|  80|0x0000000085000000, 0x0000000085000000, 0x0000000085100000|  0%| F|  |TAMS 0x0000000085000000| PB 0x0000000085000000| Untracked 
|  81|0x0000000085100000, 0x0000000085100000, 0x0000000085200000|  0%| F|  |TAMS 0x0000000085100000| PB 0x0000000085100000| Untracked 
|  82|0x0000000085200000, 0x0000000085200000, 0x0000000085300000|  0%| F|  |TAMS 0x0000000085200000| PB 0x0000000085200000| Untracked 
|  83|0x0000000085300000, 0x0000000085300000, 0x0000000085400000|  0%| F|  |TAMS 0x0000000085300000| PB 0x0000000085300000| Untracked 
|  84|0x0000000085400000, 0x0000000085400000, 0x0000000085500000|  0%| F|  |TAMS 0x0000000085400000| PB 0x0000000085400000| Untracked 
|  85|0x0000000085500000, 0x0000000085500000, 0x0000000085600000|  0%| F|  |TAMS 0x0000000085500000| PB 0x0000000085500000| Untracked 
|  86|0x0000000085600000, 0x0000000085600000, 0x0000000085700000|  0%| F|  |TAMS 0x0000000085600000| PB 0x0000000085600000| Untracked 
|  87|0x0000000085700000, 0x0000000085700000, 0x0000000085800000|  0%| F|  |TAMS 0x0000000085700000| PB 0x0000000085700000| Untracked 
|  88|0x0000000085800000, 0x0000000085800000, 0x0000000085900000|  0%| F|  |TAMS 0x0000000085800000| PB 0x0000000085800000| Untracked 
|  89|0x0000000085900000, 0x0000000085900000, 0x0000000085a00000|  0%| F|  |TAMS 0x0000000085900000| PB 0x0000000085900000| Untracked 
|  90|0x0000000085a00000, 0x0000000085a00000, 0x0000000085b00000|  0%| F|  |TAMS 0x0000000085a00000| PB 0x0000000085a00000| Untracked 
|  91|0x0000000085b00000, 0x0000000085b00000, 0x0000000085c00000|  0%| F|  |TAMS 0x0000000085b00000| PB 0x0000000085b00000| Untracked 
|  92|0x0000000085c00000, 0x0000000085c00000, 0x0000000085d00000|  0%| F|  |TAMS 0x0000000085c00000| PB 0x0000000085c00000| Untracked 
|  93|0x0000000085d00000, 0x0000000085d00000, 0x0000000085e00000|  0%| F|  |TAMS 0x0000000085d00000| PB 0x0000000085d00000| Untracked 
|  94|0x0000000085e00000, 0x0000000085e00000, 0x0000000085f00000|  0%| F|  |TAMS 0x0000000085e00000| PB 0x0000000085e00000| Untracked 
|  95|0x0000000085f00000, 0x0000000085f00000, 0x0000000086000000|  0%| F|  |TAMS 0x0000000085f00000| PB 0x0000000085f00000| Untracked 
|  96|0x0000000086000000, 0x0000000086000000, 0x0000000086100000|  0%| F|  |TAMS 0x0000000086000000| PB 0x0000000086000000| Untracked 
|  97|0x0000000086100000, 0x0000000086100000, 0x0000000086200000|  0%| F|  |TAMS 0x0000000086100000| PB 0x0000000086100000| Untracked 
|  98|0x0000000086200000, 0x0000000086200000, 0x0000000086300000|  0%| F|  |TAMS 0x0000000086200000| PB 0x0000000086200000| Untracked 
|  99|0x0000000086300000, 0x0000000086300000, 0x0000000086400000|  0%| F|  |TAMS 0x0000000086300000| PB 0x0000000086300000| Untracked 
| 100|0x0000000086400000, 0x0000000086400000, 0x0000000086500000|  0%| F|  |TAMS 0x0000000086400000| PB 0x0000000086400000| Untracked 
| 101|0x0000000086500000, 0x0000000086500000, 0x0000000086600000|  0%| F|  |TAMS 0x0000000086500000| PB 0x0000000086500000| Untracked 
| 102|0x0000000086600000, 0x0000000086600000, 0x0000000086700000|  0%| F|  |TAMS 0x0000000086600000| PB 0x0000000086600000| Untracked 
| 103|0x0000000086700000, 0x0000000086700000, 0x0000000086800000|  0%| F|  |TAMS 0x0000000086700000| PB 0x0000000086700000| Untracked 
| 104|0x0000000086800000, 0x0000000086800000, 0x0000000086900000|  0%| F|  |TAMS 0x0000000086800000| PB 0x0000000086800000| Untracked 
| 105|0x0000000086900000, 0x0000000086900000, 0x0000000086a00000|  0%| F|  |TAMS 0x0000000086900000| PB 0x0000000086900000| Untracked 
| 106|0x0000000086a00000, 0x0000000086a00000, 0x0000000086b00000|  0%| F|  |TAMS 0x0000000086a00000| PB 0x0000000086a00000| Untracked 
| 107|0x0000000086b00000, 0x0000000086b00000, 0x0000000086c00000|  0%| F|  |TAMS 0x0000000086b00000| PB 0x0000000086b00000| Untracked 
| 108|0x0000000086c00000, 0x0000000086c00000, 0x0000000086d00000|  0%| F|  |TAMS 0x0000000086c00000| PB 0x0000000086c00000| Untracked 
| 109|0x0000000086d00000, 0x0000000086d00000, 0x0000000086e00000|  0%| F|  |TAMS 0x0000000086d00000| PB 0x0000000086d00000| Untracked 
| 110|0x0000000086e00000, 0x0000000086e00000, 0x0000000086f00000|  0%| F|  |TAMS 0x0000000086e00000| PB 0x0000000086e00000| Untracked 
| 111|0x0000000086f00000, 0x0000000086f00000, 0x0000000087000000|  0%| F|  |TAMS 0x0000000086f00000| PB 0x0000000086f00000| Untracked 
| 112|0x0000000087000000, 0x0000000087000000, 0x0000000087100000|  0%| F|  |TAMS 0x0000000087000000| PB 0x0000000087000000| Untracked 
| 113|0x0000000087100000, 0x0000000087100000, 0x0000000087200000|  0%| F|  |TAMS 0x0000000087100000| PB 0x0000000087100000| Untracked 
| 114|0x0000000087200000, 0x0000000087200000, 0x0000000087300000|  0%| F|  |TAMS 0x0000000087200000| PB 0x0000000087200000| Untracked 
| 115|0x0000000087300000, 0x0000000087300000, 0x0000000087400000|  0%| F|  |TAMS 0x0000000087300000| PB 0x0000000087300000| Untracked 
| 116|0x0000000087400000, 0x0000000087400000, 0x0000000087500000|  0%| F|  |TAMS 0x0000000087400000| PB 0x0000000087400000| Untracked 
| 117|0x0000000087500000, 0x0000000087500000, 0x0000000087600000|  0%| F|  |TAMS 0x0000000087500000| PB 0x0000000087500000| Untracked 
| 118|0x0000000087600000, 0x0000000087600000, 0x0000000087700000|  0%| F|  |TAMS 0x0000000087600000| PB 0x0000000087600000| Untracked 
| 119|0x0000000087700000, 0x0000000087700000, 0x0000000087800000|  0%| F|  |TAMS 0x0000000087700000| PB 0x0000000087700000| Untracked 
| 120|0x0000000087800000, 0x0000000087800000, 0x0000000087900000|  0%| F|  |TAMS 0x0000000087800000| PB 0x0000000087800000| Untracked 
| 121|0x0000000087900000, 0x0000000087900000, 0x0000000087a00000|  0%| F|  |TAMS 0x0000000087900000| PB 0x0000000087900000| Untracked 
| 122|0x0000000087a00000, 0x0000000087a00000, 0x0000000087b00000|  0%| F|  |TAMS 0x0000000087a00000| PB 0x0000000087a00000| Untracked 
| 123|0x0000000087b00000, 0x0000000087b00000, 0x0000000087c00000|  0%| F|  |TAMS 0x0000000087b00000| PB 0x0000000087b00000| Untracked 
| 124|0x0000000087c00000, 0x0000000087c00000, 0x0000000087d00000|  0%| F|  |TAMS 0x0000000087c00000| PB 0x0000000087c00000| Untracked 
| 125|0x0000000087d00000, 0x0000000087d00000, 0x0000000087e00000|  0%| F|  |TAMS 0x0000000087d00000| PB 0x0000000087d00000| Untracked 
| 126|0x0000000087e00000, 0x0000000087e00000, 0x0000000087f00000|  0%| F|  |TAMS 0x0000000087e00000| PB 0x0000000087e00000| Untracked 
| 127|0x0000000087f00000, 0x0000000087f00000, 0x0000000088000000|  0%| F|  |TAMS 0x0000000087f00000| PB 0x0000000087f00000| Untracked 
| 128|0x0000000088000000, 0x0000000088000000, 0x0000000088100000|  0%| F|  |TAMS 0x0000000088000000| PB 0x0000000088000000| Untracked 
| 129|0x0000000088100000, 0x0000000088100000, 0x0000000088200000|  0%| F|  |TAMS 0x0000000088100000| PB 0x0000000088100000| Untracked 
| 130|0x0000000088200000, 0x0000000088200000, 0x0000000088300000|  0%| F|  |TAMS 0x0000000088200000| PB 0x0000000088200000| Untracked 
| 131|0x0000000088300000, 0x0000000088300000, 0x0000000088400000|  0%| F|  |TAMS 0x0000000088300000| PB 0x0000000088300000| Untracked 
| 132|0x0000000088400000, 0x0000000088400000, 0x0000000088500000|  0%| F|  |TAMS 0x0000000088400000| PB 0x0000000088400000| Untracked 
| 133|0x0000000088500000, 0x0000000088500000, 0x0000000088600000|  0%| F|  |TAMS 0x0000000088500000| PB 0x0000000088500000| Untracked 
| 134|0x0000000088600000, 0x0000000088600000, 0x0000000088700000|  0%| F|  |TAMS 0x0000000088600000| PB 0x0000000088600000| Untracked 
| 135|0x0000000088700000, 0x0000000088700000, 0x0000000088800000|  0%| F|  |TAMS 0x0000000088700000| PB 0x0000000088700000| Untracked 
| 136|0x0000000088800000, 0x0000000088800000, 0x0000000088900000|  0%| F|  |TAMS 0x0000000088800000| PB 0x0000000088800000| Untracked 
| 137|0x0000000088900000, 0x0000000088900000, 0x0000000088a00000|  0%| F|  |TAMS 0x0000000088900000| PB 0x0000000088900000| Untracked 
| 138|0x0000000088a00000, 0x0000000088a00000, 0x0000000088b00000|  0%| F|  |TAMS 0x0000000088a00000| PB 0x0000000088a00000| Untracked 
| 139|0x0000000088b00000, 0x0000000088b00000, 0x0000000088c00000|  0%| F|  |TAMS 0x0000000088b00000| PB 0x0000000088b00000| Untracked 
| 140|0x0000000088c00000, 0x0000000088c00000, 0x0000000088d00000|  0%| F|  |TAMS 0x0000000088c00000| PB 0x0000000088c00000| Untracked 
| 141|0x0000000088d00000, 0x0000000088d00000, 0x0000000088e00000|  0%| F|  |TAMS 0x0000000088d00000| PB 0x0000000088d00000| Untracked 
| 142|0x0000000088e00000, 0x0000000088e00000, 0x0000000088f00000|  0%| F|  |TAMS 0x0000000088e00000| PB 0x0000000088e00000| Untracked 
| 143|0x0000000088f00000, 0x0000000088f00000, 0x0000000089000000|  0%| F|  |TAMS 0x0000000088f00000| PB 0x0000000088f00000| Untracked 
| 144|0x0000000089000000, 0x0000000089000000, 0x0000000089100000|  0%| F|  |TAMS 0x0000000089000000| PB 0x0000000089000000| Untracked 
| 145|0x0000000089100000, 0x0000000089100000, 0x0000000089200000|  0%| F|  |TAMS 0x0000000089100000| PB 0x0000000089100000| Untracked 
| 146|0x0000000089200000, 0x0000000089200000, 0x0000000089300000|  0%| F|  |TAMS 0x0000000089200000| PB 0x0000000089200000| Untracked 
| 147|0x0000000089300000, 0x0000000089300000, 0x0000000089400000|  0%| F|  |TAMS 0x0000000089300000| PB 0x0000000089300000| Untracked 
| 148|0x0000000089400000, 0x0000000089400000, 0x0000000089500000|  0%| F|  |TAMS 0x0000000089400000| PB 0x0000000089400000| Untracked 
| 149|0x0000000089500000, 0x0000000089500000, 0x0000000089600000|  0%| F|  |TAMS 0x0000000089500000| PB 0x0000000089500000| Untracked 
| 150|0x0000000089600000, 0x0000000089600000, 0x0000000089700000|  0%| F|  |TAMS 0x0000000089600000| PB 0x0000000089600000| Untracked 
| 151|0x0000000089700000, 0x0000000089700000, 0x0000000089800000|  0%| F|  |TAMS 0x0000000089700000| PB 0x0000000089700000| Untracked 
| 152|0x0000000089800000, 0x0000000089800000, 0x0000000089900000|  0%| F|  |TAMS 0x0000000089800000| PB 0x0000000089800000| Untracked 
| 153|0x0000000089900000, 0x0000000089900000, 0x0000000089a00000|  0%| F|  |TAMS 0x0000000089900000| PB 0x0000000089900000| Untracked 
| 154|0x0000000089a00000, 0x0000000089a00000, 0x0000000089b00000|  0%| F|  |TAMS 0x0000000089a00000| PB 0x0000000089a00000| Untracked 
| 155|0x0000000089b00000, 0x0000000089b00000, 0x0000000089c00000|  0%| F|  |TAMS 0x0000000089b00000| PB 0x0000000089b00000| Untracked 
| 156|0x0000000089c00000, 0x0000000089c00000, 0x0000000089d00000|  0%| F|  |TAMS 0x0000000089c00000| PB 0x0000000089c00000| Untracked 
| 157|0x0000000089d00000, 0x0000000089d00000, 0x0000000089e00000|  0%| F|  |TAMS 0x0000000089d00000| PB 0x0000000089d00000| Untracked 
| 158|0x0000000089e00000, 0x0000000089e00000, 0x0000000089f00000|  0%| F|  |TAMS 0x0000000089e00000| PB 0x0000000089e00000| Untracked 
| 159|0x0000000089f00000, 0x0000000089f00000, 0x000000008a000000|  0%| F|  |TAMS 0x0000000089f00000| PB 0x0000000089f00000| Untracked 
| 160|0x000000008a000000, 0x000000008a000000, 0x000000008a100000|  0%| F|  |TAMS 0x000000008a000000| PB 0x000000008a000000| Untracked 
| 161|0x000000008a100000, 0x000000008a100000, 0x000000008a200000|  0%| F|  |TAMS 0x000000008a100000| PB 0x000000008a100000| Untracked 
| 162|0x000000008a200000, 0x000000008a200000, 0x000000008a300000|  0%| F|  |TAMS 0x000000008a200000| PB 0x000000008a200000| Untracked 
| 163|0x000000008a300000, 0x000000008a300000, 0x000000008a400000|  0%| F|  |TAMS 0x000000008a300000| PB 0x000000008a300000| Untracked 
| 164|0x000000008a400000, 0x000000008a400000, 0x000000008a500000|  0%| F|  |TAMS 0x000000008a400000| PB 0x000000008a400000| Untracked 
| 165|0x000000008a500000, 0x000000008a500000, 0x000000008a600000|  0%| F|  |TAMS 0x000000008a500000| PB 0x000000008a500000| Untracked 
| 166|0x000000008a600000, 0x000000008a600000, 0x000000008a700000|  0%| F|  |TAMS 0x000000008a600000| PB 0x000000008a600000| Untracked 
| 167|0x000000008a700000, 0x000000008a700000, 0x000000008a800000|  0%| F|  |TAMS 0x000000008a700000| PB 0x000000008a700000| Untracked 
| 168|0x000000008a800000, 0x000000008a800000, 0x000000008a900000|  0%| F|  |TAMS 0x000000008a800000| PB 0x000000008a800000| Untracked 
| 169|0x000000008a900000, 0x000000008a900000, 0x000000008aa00000|  0%| F|  |TAMS 0x000000008a900000| PB 0x000000008a900000| Untracked 
| 170|0x000000008aa00000, 0x000000008aa00000, 0x000000008ab00000|  0%| F|  |TAMS 0x000000008aa00000| PB 0x000000008aa00000| Untracked 
| 171|0x000000008ab00000, 0x000000008ab00000, 0x000000008ac00000|  0%| F|  |TAMS 0x000000008ab00000| PB 0x000000008ab00000| Untracked 
| 172|0x000000008ac00000, 0x000000008ac00000, 0x000000008ad00000|  0%| F|  |TAMS 0x000000008ac00000| PB 0x000000008ac00000| Untracked 
| 173|0x000000008ad00000, 0x000000008ad00000, 0x000000008ae00000|  0%| F|  |TAMS 0x000000008ad00000| PB 0x000000008ad00000| Untracked 
| 174|0x000000008ae00000, 0x000000008ae00000, 0x000000008af00000|  0%| F|  |TAMS 0x000000008ae00000| PB 0x000000008ae00000| Untracked 
| 175|0x000000008af00000, 0x000000008af00000, 0x000000008b000000|  0%| F|  |TAMS 0x000000008af00000| PB 0x000000008af00000| Untracked 
| 176|0x000000008b000000, 0x000000008b000000, 0x000000008b100000|  0%| F|  |TAMS 0x000000008b000000| PB 0x000000008b000000| Untracked 
| 177|0x000000008b100000, 0x000000008b100000, 0x000000008b200000|  0%| F|  |TAMS 0x000000008b100000| PB 0x000000008b100000| Untracked 
| 178|0x000000008b200000, 0x000000008b200000, 0x000000008b300000|  0%| F|  |TAMS 0x000000008b200000| PB 0x000000008b200000| Untracked 
| 179|0x000000008b300000, 0x000000008b300000, 0x000000008b400000|  0%| F|  |TAMS 0x000000008b300000| PB 0x000000008b300000| Untracked 
| 180|0x000000008b400000, 0x000000008b400000, 0x000000008b500000|  0%| F|  |TAMS 0x000000008b400000| PB 0x000000008b400000| Untracked 
| 181|0x000000008b500000, 0x000000008b500000, 0x000000008b600000|  0%| F|  |TAMS 0x000000008b500000| PB 0x000000008b500000| Untracked 
| 182|0x000000008b600000, 0x000000008b600000, 0x000000008b700000|  0%| F|  |TAMS 0x000000008b600000| PB 0x000000008b600000| Untracked 
| 183|0x000000008b700000, 0x000000008b700000, 0x000000008b800000|  0%| F|  |TAMS 0x000000008b700000| PB 0x000000008b700000| Untracked 
| 184|0x000000008b800000, 0x000000008b800000, 0x000000008b900000|  0%| F|  |TAMS 0x000000008b800000| PB 0x000000008b800000| Untracked 
| 185|0x000000008b900000, 0x000000008b900000, 0x000000008ba00000|  0%| F|  |TAMS 0x000000008b900000| PB 0x000000008b900000| Untracked 
| 186|0x000000008ba00000, 0x000000008ba00000, 0x000000008bb00000|  0%| F|  |TAMS 0x000000008ba00000| PB 0x000000008ba00000| Untracked 
| 187|0x000000008bb00000, 0x000000008bb00000, 0x000000008bc00000|  0%| F|  |TAMS 0x000000008bb00000| PB 0x000000008bb00000| Untracked 
| 188|0x000000008bc00000, 0x000000008bc00000, 0x000000008bd00000|  0%| F|  |TAMS 0x000000008bc00000| PB 0x000000008bc00000| Untracked 
| 189|0x000000008bd00000, 0x000000008bd00000, 0x000000008be00000|  0%| F|  |TAMS 0x000000008bd00000| PB 0x000000008bd00000| Untracked 
| 190|0x000000008be00000, 0x000000008be00000, 0x000000008bf00000|  0%| F|  |TAMS 0x000000008be00000| PB 0x000000008be00000| Untracked 
| 191|0x000000008bf00000, 0x000000008bf00000, 0x000000008c000000|  0%| F|  |TAMS 0x000000008bf00000| PB 0x000000008bf00000| Untracked 
| 192|0x000000008c000000, 0x000000008c0debe0, 0x000000008c100000| 87%| S|CS|TAMS 0x000000008c000000| PB 0x000000008c000000| Complete 
| 193|0x000000008c100000, 0x000000008c200000, 0x000000008c200000|100%| S|CS|TAMS 0x000000008c100000| PB 0x000000008c100000| Complete 
| 194|0x000000008c200000, 0x000000008c300000, 0x000000008c300000|100%| S|CS|TAMS 0x000000008c200000| PB 0x000000008c200000| Complete 
| 195|0x000000008c300000, 0x000000008c400000, 0x000000008c400000|100%| S|CS|TAMS 0x000000008c300000| PB 0x000000008c300000| Complete 
| 196|0x000000008c400000, 0x000000008c500000, 0x000000008c500000|100%| S|CS|TAMS 0x000000008c400000| PB 0x000000008c400000| Complete 
| 197|0x000000008c500000, 0x000000008c600000, 0x000000008c600000|100%| S|CS|TAMS 0x000000008c500000| PB 0x000000008c500000| Complete 
| 198|0x000000008c600000, 0x000000008c600000, 0x000000008c700000|  0%| F|  |TAMS 0x000000008c600000| PB 0x000000008c600000| Untracked 
| 199|0x000000008c700000, 0x000000008c700000, 0x000000008c800000|  0%| F|  |TAMS 0x000000008c700000| PB 0x000000008c700000| Untracked 
| 200|0x000000008c800000, 0x000000008c800000, 0x000000008c900000|  0%| F|  |TAMS 0x000000008c800000| PB 0x000000008c800000| Untracked 
| 201|0x000000008c900000, 0x000000008c900000, 0x000000008ca00000|  0%| F|  |TAMS 0x000000008c900000| PB 0x000000008c900000| Untracked 
| 202|0x000000008ca00000, 0x000000008ca00000, 0x000000008cb00000|  0%| F|  |TAMS 0x000000008ca00000| PB 0x000000008ca00000| Untracked 
| 203|0x000000008cb00000, 0x000000008cb00000, 0x000000008cc00000|  0%| F|  |TAMS 0x000000008cb00000| PB 0x000000008cb00000| Untracked 
| 204|0x000000008cc00000, 0x000000008cc00000, 0x000000008cd00000|  0%| F|  |TAMS 0x000000008cc00000| PB 0x000000008cc00000| Untracked 
| 205|0x000000008cd00000, 0x000000008cd00000, 0x000000008ce00000|  0%| F|  |TAMS 0x000000008cd00000| PB 0x000000008cd00000| Untracked 
| 206|0x000000008ce00000, 0x000000008ce80000, 0x000000008cf00000| 50%| E|  |TAMS 0x000000008ce00000| PB 0x000000008ce00000| Complete 
| 207|0x000000008cf00000, 0x000000008d000000, 0x000000008d000000|100%| E|CS|TAMS 0x000000008cf00000| PB 0x000000008cf00000| Complete 
| 208|0x000000008d000000, 0x000000008d100000, 0x000000008d100000|100%| E|CS|TAMS 0x000000008d000000| PB 0x000000008d000000| Complete 
| 209|0x000000008d100000, 0x000000008d200000, 0x000000008d200000|100%| E|CS|TAMS 0x000000008d100000| PB 0x000000008d100000| Complete 
| 210|0x000000008d200000, 0x000000008d300000, 0x000000008d300000|100%| E|CS|TAMS 0x000000008d200000| PB 0x000000008d200000| Complete 
| 211|0x000000008d300000, 0x000000008d400000, 0x000000008d400000|100%| E|CS|TAMS 0x000000008d300000| PB 0x000000008d300000| Complete 
| 212|0x000000008d400000, 0x000000008d500000, 0x000000008d500000|100%| E|CS|TAMS 0x000000008d400000| PB 0x000000008d400000| Complete 
| 213|0x000000008d500000, 0x000000008d600000, 0x000000008d600000|100%| E|CS|TAMS 0x000000008d500000| PB 0x000000008d500000| Complete 
| 214|0x000000008d600000, 0x000000008d700000, 0x000000008d700000|100%| E|CS|TAMS 0x000000008d600000| PB 0x000000008d600000| Complete 
| 215|0x000000008d700000, 0x000000008d800000, 0x000000008d800000|100%| E|CS|TAMS 0x000000008d700000| PB 0x000000008d700000| Complete 
| 216|0x000000008d800000, 0x000000008d900000, 0x000000008d900000|100%| E|CS|TAMS 0x000000008d800000| PB 0x000000008d800000| Complete 
| 217|0x000000008d900000, 0x000000008da00000, 0x000000008da00000|100%| E|CS|TAMS 0x000000008d900000| PB 0x000000008d900000| Complete 
| 218|0x000000008da00000, 0x000000008db00000, 0x000000008db00000|100%| E|CS|TAMS 0x000000008da00000| PB 0x000000008da00000| Complete 
| 219|0x000000008db00000, 0x000000008dc00000, 0x000000008dc00000|100%| E|CS|TAMS 0x000000008db00000| PB 0x000000008db00000| Complete 
| 220|0x000000008dc00000, 0x000000008dd00000, 0x000000008dd00000|100%| E|CS|TAMS 0x000000008dc00000| PB 0x000000008dc00000| Complete 
| 221|0x000000008dd00000, 0x000000008de00000, 0x000000008de00000|100%| E|CS|TAMS 0x000000008dd00000| PB 0x000000008dd00000| Complete 
| 222|0x000000008de00000, 0x000000008df00000, 0x000000008df00000|100%| E|CS|TAMS 0x000000008de00000| PB 0x000000008de00000| Complete 
| 223|0x000000008df00000, 0x000000008e000000, 0x000000008e000000|100%| E|CS|TAMS 0x000000008df00000| PB 0x000000008df00000| Complete 
| 224|0x000000008e000000, 0x000000008e100000, 0x000000008e100000|100%| E|CS|TAMS 0x000000008e000000| PB 0x000000008e000000| Complete 
| 225|0x000000008e100000, 0x000000008e200000, 0x000000008e200000|100%| E|CS|TAMS 0x000000008e100000| PB 0x000000008e100000| Complete 
| 226|0x000000008e200000, 0x000000008e300000, 0x000000008e300000|100%| E|CS|TAMS 0x000000008e200000| PB 0x000000008e200000| Complete 
| 227|0x000000008e300000, 0x000000008e400000, 0x000000008e400000|100%| E|CS|TAMS 0x000000008e300000| PB 0x000000008e300000| Complete 
| 228|0x000000008e400000, 0x000000008e500000, 0x000000008e500000|100%| E|CS|TAMS 0x000000008e400000| PB 0x000000008e400000| Complete 
| 229|0x000000008e500000, 0x000000008e600000, 0x000000008e600000|100%| E|CS|TAMS 0x000000008e500000| PB 0x000000008e500000| Complete 
| 230|0x000000008e600000, 0x000000008e700000, 0x000000008e700000|100%| E|CS|TAMS 0x000000008e600000| PB 0x000000008e600000| Complete 
| 231|0x000000008e700000, 0x000000008e800000, 0x000000008e800000|100%| E|CS|TAMS 0x000000008e700000| PB 0x000000008e700000| Complete 
| 232|0x000000008e800000, 0x000000008e900000, 0x000000008e900000|100%| E|CS|TAMS 0x000000008e800000| PB 0x000000008e800000| Complete 
| 233|0x000000008e900000, 0x000000008ea00000, 0x000000008ea00000|100%| E|CS|TAMS 0x000000008e900000| PB 0x000000008e900000| Complete 
| 234|0x000000008ea00000, 0x000000008eb00000, 0x000000008eb00000|100%| E|CS|TAMS 0x000000008ea00000| PB 0x000000008ea00000| Complete 
| 235|0x000000008eb00000, 0x000000008ec00000, 0x000000008ec00000|100%| E|CS|TAMS 0x000000008eb00000| PB 0x000000008eb00000| Complete 
| 236|0x000000008ec00000, 0x000000008ed00000, 0x000000008ed00000|100%| E|CS|TAMS 0x000000008ec00000| PB 0x000000008ec00000| Complete 
| 237|0x000000008ed00000, 0x000000008ee00000, 0x000000008ee00000|100%| E|CS|TAMS 0x000000008ed00000| PB 0x000000008ed00000| Complete 
| 238|0x000000008ee00000, 0x000000008ef00000, 0x000000008ef00000|100%| E|CS|TAMS 0x000000008ee00000| PB 0x000000008ee00000| Complete 
| 239|0x000000008ef00000, 0x000000008f000000, 0x000000008f000000|100%| E|CS|TAMS 0x000000008ef00000| PB 0x000000008ef00000| Complete 
| 240|0x000000008f000000, 0x000000008f100000, 0x000000008f100000|100%| E|CS|TAMS 0x000000008f000000| PB 0x000000008f000000| Complete 
| 241|0x000000008f100000, 0x000000008f200000, 0x000000008f200000|100%| E|CS|TAMS 0x000000008f100000| PB 0x000000008f100000| Complete 
| 242|0x000000008f200000, 0x000000008f300000, 0x000000008f300000|100%| E|CS|TAMS 0x000000008f200000| PB 0x000000008f200000| Complete 
| 243|0x000000008f300000, 0x000000008f400000, 0x000000008f400000|100%| E|CS|TAMS 0x000000008f300000| PB 0x000000008f300000| Complete 
| 244|0x000000008f400000, 0x000000008f500000, 0x000000008f500000|100%| E|CS|TAMS 0x000000008f400000| PB 0x000000008f400000| Complete 
| 245|0x000000008f500000, 0x000000008f600000, 0x000000008f600000|100%| E|CS|TAMS 0x000000008f500000| PB 0x000000008f500000| Complete 
| 246|0x000000008f600000, 0x000000008f700000, 0x000000008f700000|100%| E|CS|TAMS 0x000000008f600000| PB 0x000000008f600000| Complete 
| 247|0x000000008f700000, 0x000000008f800000, 0x000000008f800000|100%| E|CS|TAMS 0x000000008f700000| PB 0x000000008f700000| Complete 
| 248|0x000000008f800000, 0x000000008f900000, 0x000000008f900000|100%| E|CS|TAMS 0x000000008f800000| PB 0x000000008f800000| Complete 
| 249|0x000000008f900000, 0x000000008fa00000, 0x000000008fa00000|100%| E|CS|TAMS 0x000000008f900000| PB 0x000000008f900000| Complete 
| 250|0x000000008fa00000, 0x000000008fb00000, 0x000000008fb00000|100%| E|CS|TAMS 0x000000008fa00000| PB 0x000000008fa00000| Complete 
| 251|0x000000008fb00000, 0x000000008fc00000, 0x000000008fc00000|100%| E|CS|TAMS 0x000000008fb00000| PB 0x000000008fb00000| Complete 

Card table byte_map: [0x00000288c20e0000,0x00000288c24e0000] _byte_map_base: 0x00000288c1ce0000

Marking Bits: (CMBitMap*) 0x00000288adadb050
 Bits: [0x00000288c24e0000, 0x00000288c44e0000)

Polling page: 0x00000288ad820000

Metaspace:

Usage:
  Non-class:     13.27 MB used.
      Class:      2.15 MB used.
       Both:     15.43 MB used.

Virtual space:
  Non-class space:       64.00 MB reserved,      13.50 MB ( 21%) committed,  1 nodes.
      Class space:      416.00 MB reserved,       2.38 MB ( <1%) committed,  1 nodes.
             Both:      480.00 MB reserved,      15.88 MB (  3%) committed. 

Chunk freelists:
   Non-Class:  2.47 MB
       Class:  13.44 MB
        Both:  15.91 MB

MaxMetaspaceSize: 512.00 MB
CompressedClassSpaceSize: 416.00 MB
Initial GC threshold: 21.00 MB
Current GC threshold: 21.00 MB
CDS: on
 - commit_granule_bytes: 65536.
 - commit_granule_words: 8192.
 - virtual_space_node_default_size: 8388608.
 - enlarge_chunks_in_place: 1.
 - use_allocation_guard: 0.


Internal statistics:

num_allocs_failed_limit: 0.
num_arena_births: 548.
num_arena_deaths: 0.
num_vsnodes_births: 2.
num_vsnodes_deaths: 0.
num_space_committed: 254.
num_space_uncommitted: 0.
num_chunks_returned_to_freelist: 0.
num_chunks_taken_from_freelist: 1096.
num_chunk_merges: 0.
num_chunk_splits: 712.
num_chunks_enlarged: 477.
num_inconsistent_stats: 0.

CodeHeap 'non-profiled nmethods': size=120000Kb used=1348Kb max_used=1348Kb free=118651Kb
 bounds [0x00000288b9d50000, 0x00000288b9fc0000, 0x00000288c1280000]
CodeHeap 'profiled nmethods': size=120000Kb used=5334Kb max_used=5334Kb free=114665Kb
 bounds [0x00000288b2280000, 0x00000288b27c0000, 0x00000288b97b0000]
CodeHeap 'non-nmethods': size=5760Kb used=1641Kb max_used=1655Kb free=4118Kb
 bounds [0x00000288b97b0000, 0x00000288b9a20000, 0x00000288b9d50000]
CodeCache: size=245760Kb, used=8323Kb, max_used=8337Kb, free=237434Kb
 total_blobs=3270, nmethods=2714, adapters=460, full_count=0
Compilation: enabled, stopped_count=0, restarted_count=0

Compilation events (20 events):
Event: 1.959 Thread 0x00000288c6fe9130 nmethod 2698 0x00000288b27ac810 code [0x00000288b27ac9c0, 0x00000288b27acbf0]
Event: 1.959 Thread 0x00000288c6fe9130 2695       3       java.util.regex.Pattern$GroupTail::match (111 bytes)
Event: 1.960 Thread 0x00000288c6fe9130 nmethod 2695 0x00000288b27acc90 code [0x00000288b27ace60, 0x00000288b27ad210]
Event: 1.960 Thread 0x00000288c6fe9130 2699       3       java.util.TreeMap::leftOf (13 bytes)
Event: 1.960 Thread 0x00000288c6fe9130 nmethod 2699 0x00000288b27ad410 code [0x00000288b27ad5c0, 0x00000288b27ad728]
Event: 1.960 Thread 0x00000288c6fe9130 2696       1       java.lang.Character::charValue (5 bytes)
Event: 1.960 Thread 0x00000288c6fe9130 nmethod 2696 0x00000288b9e9fb10 code [0x00000288b9e9fca0, 0x00000288b9e9fd70]
Event: 1.960 Thread 0x00000288c6fe9130 2697       3       java.util.regex.Pattern$TreeInfo::reset (21 bytes)
Event: 1.960 Thread 0x00000288c6fe9130 nmethod 2697 0x00000288b27ad810 code [0x00000288b27ad9a0, 0x00000288b27adac0]
Event: 1.965 Thread 0x00000288c6fe9130 2700       3       org.gradle.internal.service.DefaultServiceRegistry::assertValidServiceType (51 bytes)
Event: 1.965 Thread 0x00000288c6fe9130 nmethod 2700 0x00000288b27adb90 code [0x00000288b27adda0, 0x00000288b27ae2f8]
Event: 1.965 Thread 0x00000288c6fe9130 2701       3       org.gradle.internal.service.DefaultServiceRegistry::find (151 bytes)
Event: 1.966 Thread 0x00000288c6fe9130 nmethod 2701 0x00000288b27ae510 code [0x00000288b27ae900, 0x00000288b27b0570]
Event: 1.966 Thread 0x00000288c6fe9130 2702       3       org.gradle.internal.service.DefaultServiceRegistry::isSatisfiedBy (44 bytes)
Event: 1.966 Thread 0x00000288c6fe9130 nmethod 2702 0x00000288b27b0d90 code [0x00000288b27b0fa0, 0x00000288b27b16f8]
Event: 1.966 Thread 0x00000288c6fe9130 2704       3       java.lang.reflect.Method::setMethodAccessor (20 bytes)
Event: 1.967 Thread 0x00000288c6fe9130 nmethod 2704 0x00000288b27b1810 code [0x00000288b27b19e0, 0x00000288b27b1ca0]
Event: 1.967 Thread 0x00000288c6fe9130 2703       1       java.lang.reflect.Method::getMethodAccessor (5 bytes)
Event: 1.967 Thread 0x00000288c6fe9130 nmethod 2703 0x00000288b9e9fe10 code [0x00000288b9e9ffa0, 0x00000288b9ea0068]
Event: 1.977 Thread 0x00000288c6fe9130 2705       3       java.io.DataOutputStream::incCount (20 bytes)

GC Heap History (6 events):
Event: 0.321 GC heap before
{Heap before GC invocations=0 (full 0):
 garbage-first heap   total 258048K, used 22528K [0x0000000080000000, 0x0000000100000000)
  region size 1024K, 23 young (23552K), 0 survivors (0K)
 Metaspace       used 1057K, committed 1152K, reserved 491520K
  class space    used 79K, committed 128K, reserved 425984K
}
Event: 0.324 GC heap after
{Heap after GC invocations=1 (full 0):
 garbage-first heap   total 258048K, used 2474K [0x0000000080000000, 0x0000000100000000)
  region size 1024K, 3 young (3072K), 3 survivors (3072K)
 Metaspace       used 1057K, committed 1152K, reserved 491520K
  class space    used 79K, committed 128K, reserved 425984K
}
Event: 0.767 GC heap before
{Heap before GC invocations=1 (full 0):
 garbage-first heap   total 258048K, used 41386K [0x0000000080000000, 0x0000000100000000)
  region size 1024K, 39 young (39936K), 3 survivors (3072K)
 Metaspace       used 4352K, committed 4480K, reserved 491520K
  class space    used 556K, committed 640K, reserved 425984K
}
Event: 0.770 GC heap after
{Heap after GC invocations=2 (full 0):
 garbage-first heap   total 258048K, used 11174K [0x0000000080000000, 0x0000000100000000)
  region size 1024K, 5 young (5120K), 5 survivors (5120K)
 Metaspace       used 4352K, committed 4480K, reserved 491520K
  class space    used 556K, committed 640K, reserved 425984K
}
Event: 1.261 GC heap before
{Heap before GC invocations=2 (full 0):
 garbage-first heap   total 258048K, used 63398K [0x0000000080000000, 0x0000000100000000)
  region size 1024K, 54 young (55296K), 5 survivors (5120K)
 Metaspace       used 6705K, committed 6976K, reserved 491520K
  class space    used 917K, committed 1024K, reserved 425984K
}
Event: 1.266 GC heap after
{Heap after GC invocations=3 (full 0):
 garbage-first heap   total 258048K, used 18068K [0x0000000080000000, 0x0000000100000000)
  region size 1024K, 6 young (6144K), 6 survivors (6144K)
 Metaspace       used 6705K, committed 6976K, reserved 491520K
  class space    used 917K, committed 1024K, reserved 425984K
}

Dll operation events (14 events):
Event: 0.006 Loaded shared library C:\Users\adity\.vscode\extensions\redhat.java-1.47.0-win32-x64\jre\21.0.8-win32-x86_64\bin\java.dll
Event: 0.049 Loaded shared library C:\Users\adity\.vscode\extensions\redhat.java-1.47.0-win32-x64\jre\21.0.8-win32-x86_64\bin\zip.dll
Event: 0.066 Loaded shared library C:\Users\adity\.vscode\extensions\redhat.java-1.47.0-win32-x64\jre\21.0.8-win32-x86_64\bin\instrument.dll
Event: 0.070 Loaded shared library C:\Users\adity\.vscode\extensions\redhat.java-1.47.0-win32-x64\jre\21.0.8-win32-x86_64\bin\net.dll
Event: 0.072 Loaded shared library C:\Users\adity\.vscode\extensions\redhat.java-1.47.0-win32-x64\jre\21.0.8-win32-x86_64\bin\nio.dll
Event: 0.075 Loaded shared library C:\Users\adity\.vscode\extensions\redhat.java-1.47.0-win32-x64\jre\21.0.8-win32-x86_64\bin\zip.dll
Event: 0.265 Loaded shared library C:\Users\adity\.vscode\extensions\redhat.java-1.47.0-win32-x64\jre\21.0.8-win32-x86_64\bin\jimage.dll
Event: 0.387 Loaded shared library C:\Users\adity\.vscode\extensions\redhat.java-1.47.0-win32-x64\jre\21.0.8-win32-x86_64\bin\verify.dll
Event: 0.472 Loaded shared library C:\Users\adity\.gradle\native\1def1411415f61bf3af743bc5b6707747c0891f09f0c88961ee8f79bc544acac\windows-amd64\native-platform.dll
Event: 0.479 Loaded shared library C:\Users\adity\.gradle\native\0.2.7\x86_64-windows-gnu\gradle-fileevents.dll
Event: 1.228 Loaded shared library C:\Users\adity\.vscode\extensions\redhat.java-1.47.0-win32-x64\jre\21.0.8-win32-x86_64\bin\management.dll
Event: 1.229 Loaded shared library C:\Users\adity\.vscode\extensions\redhat.java-1.47.0-win32-x64\jre\21.0.8-win32-x86_64\bin\management_ext.dll
Event: 1.338 Loaded shared library C:\Users\adity\.vscode\extensions\redhat.java-1.47.0-win32-x64\jre\21.0.8-win32-x86_64\bin\extnet.dll
Event: 1.532 Loaded shared library C:\Users\adity\.vscode\extensions\redhat.java-1.47.0-win32-x64\jre\21.0.8-win32-x86_64\bin\sunmscapi.dll

Deoptimization events (20 events):
Event: 1.647 Thread 0x00000288e867ba70 DEOPT PACKING pc=0x00000288b9e1fc2c sp=0x000000ad9bcfea40
Event: 1.647 Thread 0x00000288e867ba70 DEOPT UNPACKING pc=0x00000288b9807da2 sp=0x000000ad9bcfe9c8 mode 2
Event: 1.748 Thread 0x00000288e867ba70 Uncommon trap: trap_request=0xffffffcc fr.pc=0x00000288b9e7dc1c relative=0x000000000000035c
Event: 1.748 Thread 0x00000288e867ba70 Uncommon trap: reason=intrinsic_or_type_checked_inlining action=make_not_entrant pc=0x00000288b9e7dc1c method=java.util.Arrays.copyOf([Ljava/lang/Object;ILjava/lang/Class;)[Ljava/lang/Object; @ 35 c2
Event: 1.748 Thread 0x00000288e867ba70 DEOPT PACKING pc=0x00000288b9e7dc1c sp=0x000000ad9bcfca60
Event: 1.748 Thread 0x00000288e867ba70 DEOPT UNPACKING pc=0x00000288b9807da2 sp=0x000000ad9bcfc9f0 mode 2
Event: 1.765 Thread 0x00000288e867ba70 Uncommon trap: trap_request=0xffffff45 fr.pc=0x00000288b9e550d4 relative=0x0000000000000474
Event: 1.765 Thread 0x00000288e867ba70 Uncommon trap: reason=unstable_if action=reinterpret pc=0x00000288b9e550d4 method=java.util.HashMap.getNode(Ljava/lang/Object;)Ljava/util/HashMap$Node; @ 66 c2
Event: 1.765 Thread 0x00000288e867ba70 DEOPT PACKING pc=0x00000288b9e550d4 sp=0x000000ad9bcfc480
Event: 1.765 Thread 0x00000288e867ba70 DEOPT UNPACKING pc=0x00000288b9807da2 sp=0x000000ad9bcfc3a0 mode 2
Event: 1.771 Thread 0x00000288e867ba70 Uncommon trap: trap_request=0xffffff45 fr.pc=0x00000288b9debc80 relative=0x00000000000002c0
Event: 1.771 Thread 0x00000288e867ba70 Uncommon trap: reason=unstable_if action=reinterpret pc=0x00000288b9debc80 method=java.util.concurrent.ConcurrentHashMap.get(Ljava/lang/Object;)Ljava/lang/Object; @ 152 c2
Event: 1.771 Thread 0x00000288e867ba70 DEOPT PACKING pc=0x00000288b9debc80 sp=0x000000ad9bcfb980
Event: 1.771 Thread 0x00000288e867ba70 DEOPT UNPACKING pc=0x00000288b9807da2 sp=0x000000ad9bcfb8e8 mode 2
Event: 1.946 Thread 0x00000288e86bbea0 Uncommon trap: trap_request=0xffffff45 fr.pc=0x00000288b9e4de9c relative=0x000000000000017c
Event: 1.946 Thread 0x00000288e86bbea0 Uncommon trap: reason=unstable_if action=reinterpret pc=0x00000288b9e4de9c method=java.util.concurrent.locks.ReentrantLock$NonfairSync.initialTryLock()Z @ 25 c2
Event: 1.946 Thread 0x00000288e86bbea0 DEOPT PACKING pc=0x00000288b9e4de9c sp=0x000000ad9c1ff2c0
Event: 1.946 Thread 0x00000288e86bbea0 DEOPT UNPACKING pc=0x00000288b9807da2 sp=0x000000ad9c1ff260 mode 2
Event: 1.957 Thread 0x00000288e867ba70 DEOPT PACKING pc=0x00000288b2372bd9 sp=0x000000ad9bcfa620
Event: 1.957 Thread 0x00000288e867ba70 DEOPT UNPACKING pc=0x00000288b98088e2 sp=0x000000ad9bcf9ab8 mode 0

Classes loaded (20 events):
Event: 1.911 Loading class java/nio/file/NoSuchFileException
Event: 1.911 Loading class java/nio/file/FileSystemException
Event: 1.911 Loading class java/nio/file/FileSystemException done
Event: 1.911 Loading class java/nio/file/NoSuchFileException done
Event: 1.912 Loading class java/nio/file/attribute/PosixFilePermissions
Event: 1.912 Loading class java/nio/file/attribute/PosixFilePermissions done
Event: 1.912 Loading class java/util/RegularEnumSet$EnumSetIterator
Event: 1.912 Loading class java/util/RegularEnumSet$EnumSetIterator done
Event: 1.912 Loading class java/nio/file/attribute/PosixFilePermissions$1
Event: 1.912 Loading class java/nio/file/attribute/PosixFilePermissions$1 done
Event: 1.928 Loading class java/util/concurrent/ArrayBlockingQueue
Event: 1.928 Loading class java/util/concurrent/ArrayBlockingQueue done
Event: 1.928 Loading class java/util/concurrent/locks/ReentrantLock$FairSync
Event: 1.928 Loading class java/util/concurrent/locks/ReentrantLock$FairSync done
Event: 1.931 Loading class sun/misc/Unsafe
Event: 1.931 Loading class sun/misc/Unsafe done
Event: 1.946 Loading class java/net/DatagramPacket
Event: 1.946 Loading class java/net/DatagramPacket done
Event: 1.946 Loading class sun/nio/ch/DatagramChannelImpl$DatagramPackets
Event: 1.946 Loading class sun/nio/ch/DatagramChannelImpl$DatagramPackets done

Classes unloaded (0 events):
No events

Classes redefined (0 events):
No events

Internal exceptions (20 events):
Event: 1.497 Thread 0x00000288ada82d30 Implicit null exception at 0x00000288b9da2e24 to 0x00000288b9da34ec
Event: 1.499 Thread 0x00000288ada82d30 Exception <a 'java/lang/NoSuchMethodError'{0x000000008f2d8d80}: 'java.lang.Object java.lang.invoke.DirectMethodHandle$Holder.newInvokeSpecial(java.lang.Object, java.lang.Object, java.lang.Object, java.lang.Object, java.lang.Object)'> (0x000000008f2d8d80) 
thrown [s\src\hotspot\share\interpreter\linkResolver.cpp, line 773]
Event: 1.616 Thread 0x00000288e84c80c0 Exception <a 'java/lang/NoSuchMethodError'{0x000000008ec444a8}: 'long java.lang.invoke.DirectMethodHandle$Holder.invokeSpecial(java.lang.Object, java.lang.Object)'> (0x000000008ec444a8) 
thrown [s\src\hotspot\share\interpreter\linkResolver.cpp, line 773]
Event: 1.616 Thread 0x00000288e84c80c0 Exception <a 'java/lang/NoSuchMethodError'{0x000000008ec478e0}: 'long java.lang.invoke.Invokers$Holder.invokeExact_MT(java.lang.Object, java.lang.Object)'> (0x000000008ec478e0) 
thrown [s\src\hotspot\share\interpreter\linkResolver.cpp, line 773]
Event: 1.620 Thread 0x00000288e84c80c0 Exception <a 'java/lang/NoSuchMethodError'{0x000000008ec69960}: 'void java.lang.invoke.DirectMethodHandle$Holder.invokeSpecial(java.lang.Object, java.lang.Object, java.lang.Object)'> (0x000000008ec69960) 
thrown [s\src\hotspot\share\interpreter\linkResolver.cpp, line 773]
Event: 1.624 Thread 0x00000288e84c80c0 Exception <a 'java/lang/NoSuchMethodError'{0x000000008ec92e00}: static Lorg/gradle/tooling/internal/provider/serialization/ClassLoaderDetails;.<clinit>()V> (0x000000008ec92e00) 
thrown [s\src\hotspot\share\prims\jni.cpp, line 1111]
Event: 1.628 Thread 0x00000288e84c80c0 Exception <a 'java/lang/NoSuchMethodError'{0x000000008ecacd08}: static Lorg/gradle/internal/classloader/ClassLoaderSpec;.<clinit>()V> (0x000000008ecacd08) 
thrown [s\src\hotspot\share\prims\jni.cpp, line 1111]
Event: 1.629 Thread 0x00000288e84c80c0 Exception <a 'java/lang/NoSuchMethodError'{0x000000008ecb67b8}: static Lorg/gradle/tooling/internal/provider/serialization/WellKnownClassLoaderRegistry$KnownClassLoaderSpec;.<clinit>()V> (0x000000008ecb67b8) 
thrown [s\src\hotspot\share\prims\jni.cpp, line 1111]
Event: 1.630 Thread 0x00000288e84c80c0 Exception <a 'java/lang/NoSuchMethodError'{0x000000008ecccce0}: static Lorg/gradle/tooling/internal/provider/serialization/ClientOwnedClassLoaderSpec;.<clinit>()V> (0x000000008ecccce0) 
thrown [s\src\hotspot\share\prims\jni.cpp, line 1111]
Event: 1.693 Thread 0x00000288e867ba70 Exception <a 'java/lang/NoSuchMethodError'{0x000000008e6bd5f8}: 'long java.lang.invoke.DirectMethodHandle$Holder.invokeInterface(java.lang.Object, java.lang.Object)'> (0x000000008e6bd5f8) 
thrown [s\src\hotspot\share\interpreter\linkResolver.cpp, line 773]
Event: 1.741 Thread 0x00000288e867ba70 Exception <a 'java/lang/NoSuchMethodError'{0x000000008e2cdae0}: 'void java.lang.invoke.DirectMethodHandle$Holder.invokeStatic(java.lang.Object, java.lang.Object)'> (0x000000008e2cdae0) 
thrown [s\src\hotspot\share\interpreter\linkResolver.cpp, line 773]
Event: 1.746 Thread 0x00000288e867ba70 Exception <a 'java/lang/NoSuchMethodError'{0x000000008e1128d0}: 'java.lang.Object java.lang.invoke.DirectMethodHandle$Holder.invokeVirtual(java.lang.Object, java.lang.Object, java.lang.Object, java.lang.Object, java.lang.Object, java.lang.Object, java.lang.Object, java.lang.Object, java.lang.Object, java.lang.Object, java.lang.Object, java.lang.Object)'> (0x000000008e1128d0) 
thrown [s\src\hotspot\share\interpreter\linkResolver.cpp, line 773]
Event: 1.746 Thread 0x00000288e867ba70 Exception <a 'java/lang/NoSuchMethodError'{0x000000008e1178f8}: 'java.lang.Object java.lang.invoke.DirectMethodHandle$Holder.invokeSpecial(java.lang.Object, java.lang.Object, java.lang.Object, java.lang.Object, java.lang.Object, java.lang.Object, java.lang.Object, java.lang.Object, java.lang.Object, java.lang.Object, java.lang.Object, java.lang.Object, java.lang.Object)'> (0x000000008e1178f8) 
thrown [s\src\hotspot\share\interpreter\linkResolver.cpp, line 773]
Event: 1.775 Thread 0x00000288e867ba70 Exception <a 'java/lang/NoSuchMethodError'{0x000000008df071d0}: 'int java.lang.invoke.DirectMethodHandle$Holder.invokeVirtual(java.lang.Object, java.lang.Object, java.lang.Object)'> (0x000000008df071d0) 
thrown [s\src\hotspot\share\interpreter\linkResolver.cpp, line 773]
Event: 1.805 Thread 0x00000288e867ba70 Exception <a 'java/lang/NoSuchMethodError'{0x000000008dd69380}: 'java.lang.Object java.lang.invoke.DirectMethodHandle$Holder.newInvokeSpecial(java.lang.Object, java.lang.Object, java.lang.Object, java.lang.Object, java.lang.Object, java.lang.Object)'> (0x000000008dd69380) 
thrown [s\src\hotspot\share\interpreter\linkResolver.cpp, line 773]
Event: 1.840 Thread 0x00000288e867ba70 Exception <a 'java/lang/NoSuchMethodError'{0x000000008da39a48}: 'void java.lang.invoke.DelegatingMethodHandle$Holder.reinvoke_L(java.lang.Object, java.lang.Object, java.lang.Object, java.lang.Object, java.lang.Object, java.lang.Object, java.lang.Object, java.lang.Object, java.lang.Object, java.lang.Object)'> (0x000000008da39a48) 
thrown [s\src\hotspot\share\interpreter\linkResolver.cpp, line 773]
Event: 1.841 Thread 0x00000288e867ba70 Exception <a 'java/lang/NoSuchMethodError'{0x000000008da41528}: 'java.lang.Object java.lang.invoke.Invokers$Holder.invoker(java.lang.Object, java.lang.Object, java.lang.Object, java.lang.Object, java.lang.Object, java.lang.Object, java.lang.Object, java.lang.Object, java.lang.Object, java.lang.Object)'> (0x000000008da41528) 
thrown [s\src\hotspot\share\interpreter\linkResolver.cpp, line 773]
Event: 1.914 Thread 0x00000288e867ba70 Exception <a 'java/lang/NoSuchMethodError'{0x000000008d4617e8}: 'void java.lang.invoke.DirectMethodHandle$Holder.invokeInterface(java.lang.Object, java.lang.Object)'> (0x000000008d4617e8) 
thrown [s\src\hotspot\share\interpreter\linkResolver.cpp, line 773]
Event: 1.915 Thread 0x00000288e867ba70 Exception <a 'java/lang/IncompatibleClassChangeError'{0x000000008d464d68}: Found class java.lang.Object, but interface was expected> (0x000000008d464d68) 
thrown [s\src\hotspot\share\interpreter\linkResolver.cpp, line 840]
Event: 1.930 Thread 0x00000288e867ba70 Exception <a 'java/lang/NoSuchMethodError'{0x000000008d205eb0}: 'java.lang.Object java.lang.invoke.DirectMethodHandle$Holder.newInvokeSpecial(java.lang.Object, java.lang.Object, int)'> (0x000000008d205eb0) 
thrown [s\src\hotspot\share\interpreter\linkResolver.cpp, line 773]

ZGC Phase Switch (0 events):
No events

VM Operations (20 events):
Event: 1.255 Executing VM operation: HandshakeAllThreads (Deoptimize)
Event: 1.255 Executing VM operation: HandshakeAllThreads (Deoptimize) done
Event: 1.261 Executing VM operation: G1CollectForAllocation (G1 Evacuation Pause)
Event: 1.266 Executing VM operation: G1CollectForAllocation (G1 Evacuation Pause) done
Event: 1.291 Executing VM operation: HandshakeAllThreads (Deoptimize)
Event: 1.291 Executing VM operation: HandshakeAllThreads (Deoptimize) done
Event: 1.335 Executing VM operation: HandshakeAllThreads (Deoptimize)
Event: 1.335 Executing VM operation: HandshakeAllThreads (Deoptimize) done
Event: 1.348 Executing VM operation: HandshakeAllThreads (Deoptimize)
Event: 1.349 Executing VM operation: HandshakeAllThreads (Deoptimize) done
Event: 1.378 Executing VM operation: HandshakeAllThreads (Deoptimize)
Event: 1.378 Executing VM operation: HandshakeAllThreads (Deoptimize) done
Event: 1.414 Executing VM operation: HandshakeAllThreads (Deoptimize)
Event: 1.414 Executing VM operation: HandshakeAllThreads (Deoptimize) done
Event: 1.539 Executing VM operation: HandshakeAllThreads (Deoptimize)
Event: 1.539 Executing VM operation: HandshakeAllThreads (Deoptimize) done
Event: 1.770 Executing VM operation: ICBufferFull
Event: 1.771 Executing VM operation: ICBufferFull done
Event: 1.929 Executing VM operation: HandshakeAllThreads (Deoptimize)
Event: 1.929 Executing VM operation: HandshakeAllThreads (Deoptimize) done

Memory protections (0 events):
No events

Nmethod flushes (0 events):
No events

Events (20 events):
Event: 0.028 Thread 0x00000288ada82d30 Thread added: 0x00000288c6fc9a80
Event: 0.028 Thread 0x00000288ada82d30 Thread added: 0x00000288c6fdea90
Event: 0.029 Thread 0x00000288ada82d30 Thread added: 0x00000288c6fe9130
Event: 0.043 Thread 0x00000288ada82d30 Thread added: 0x00000288e218c330
Event: 0.085 Thread 0x00000288ada82d30 Thread added: 0x00000288e2393800
Event: 0.255 Thread 0x00000288c6fe9130 Thread added: 0x00000288c6fe9ed0
Event: 0.264 Thread 0x00000288c6fe9ed0 Thread added: 0x00000288c6fe9800
Event: 1.255 Thread 0x00000288ada82d30 Thread added: 0x00000288e84f67d0
Event: 1.428 Thread 0x00000288ada82d30 Thread added: 0x00000288e85e7c90
Event: 1.504 Thread 0x00000288ada82d30 Thread added: 0x00000288e85e5b70
Event: 1.570 Thread 0x00000288e85e7c90 Thread added: 0x00000288e84c7a60
Event: 1.573 Thread 0x00000288e84c7a60 Thread added: 0x00000288e84c80c0
Event: 1.640 Thread 0x00000288e84c7a60 Thread added: 0x00000288e8676770
Event: 1.645 Thread 0x00000288e84c7a60 Thread added: 0x00000288e867ba70
Event: 1.655 Thread 0x00000288e867ba70 Thread added: 0x00000288e867e0e0
Event: 1.658 Thread 0x00000288e867ba70 Thread added: 0x00000288e86bd8e0
Event: 1.659 Thread 0x00000288e867ba70 Thread added: 0x00000288e86bb180
Event: 1.929 Thread 0x00000288e867ba70 Thread added: 0x00000288e86bb810
Event: 1.945 Thread 0x00000288e867ba70 Thread added: 0x00000288e86bbea0
Event: 1.967 Thread 0x00000288e867ba70 Thread added: 0x00000288e86bdf70


Dynamic libraries:
0x00007ff689d90000 - 0x00007ff689d9e000 	C:\Users\adity\.vscode\extensions\redhat.java-1.47.0-win32-x64\jre\21.0.8-win32-x86_64\bin\java.exe
0x00007ffd7d540000 - 0x00007ffd7d7a8000 	C:\WINDOWS\SYSTEM32\ntdll.dll
0x00007ffd7b390000 - 0x00007ffd7b459000 	C:\WINDOWS\System32\KERNEL32.DLL
0x00007ffd7a800000 - 0x00007ffd7abf8000 	C:\WINDOWS\System32\KERNELBASE.dll
0x00007ffd7af70000 - 0x00007ffd7b0bb000 	C:\WINDOWS\System32\ucrtbase.dll
0x00007ffd416d0000 - 0x00007ffd416e8000 	C:\Users\adity\.vscode\extensions\redhat.java-1.47.0-win32-x64\jre\21.0.8-win32-x86_64\bin\jli.dll
0x00007ffd40c20000 - 0x00007ffd40c3e000 	C:\Users\adity\.vscode\extensions\redhat.java-1.47.0-win32-x64\jre\21.0.8-win32-x86_64\bin\VCRUNTIME140.dll
0x00007ffd7b710000 - 0x00007ffd7b8d7000 	C:\WINDOWS\System32\USER32.dll
0x00007ffd7b1f0000 - 0x00007ffd7b217000 	C:\WINDOWS\System32\win32u.dll
0x00007ffd5fd70000 - 0x00007ffd60004000 	C:\WINDOWS\WinSxS\amd64_microsoft.windows.common-controls_6595b64144ccf1df_6.0.26100.7019_none_3e06ffa0e335b8a8\COMCTL32.dll
0x00007ffd7c8e0000 - 0x00007ffd7c90b000 	C:\WINDOWS\System32\GDI32.dll
0x00007ffd7ca20000 - 0x00007ffd7cac9000 	C:\WINDOWS\System32\msvcrt.dll
0x00007ffd7b0c0000 - 0x00007ffd7b1ec000 	C:\WINDOWS\System32\gdi32full.dll
0x00007ffd7ac00000 - 0x00007ffd7aca3000 	C:\WINDOWS\System32\msvcp_win.dll
0x00007ffd7cfe0000 - 0x00007ffd7d011000 	C:\WINDOWS\System32\IMM32.DLL
0x00007ffd66ae0000 - 0x00007ffd66aec000 	C:\Users\adity\.vscode\extensions\redhat.java-1.47.0-win32-x64\jre\21.0.8-win32-x86_64\bin\vcruntime140_1.dll
0x00007ffd1a840000 - 0x00007ffd1a8cd000 	C:\Users\adity\.vscode\extensions\redhat.java-1.47.0-win32-x64\jre\21.0.8-win32-x86_64\bin\msvcp140.dll
0x00007ffd173a0000 - 0x00007ffd18137000 	C:\Users\adity\.vscode\extensions\redhat.java-1.47.0-win32-x64\jre\21.0.8-win32-x86_64\bin\server\jvm.dll
0x00007ffd7c0c0000 - 0x00007ffd7c174000 	C:\WINDOWS\System32\ADVAPI32.dll
0x00007ffd7b2e0000 - 0x00007ffd7b386000 	C:\WINDOWS\System32\sechost.dll
0x00007ffd7c320000 - 0x00007ffd7c438000 	C:\WINDOWS\System32\RPCRT4.dll
0x00007ffd7c860000 - 0x00007ffd7c8d4000 	C:\WINDOWS\System32\WS2_32.dll
0x00007ffd7a4f0000 - 0x00007ffd7a54e000 	C:\WINDOWS\SYSTEM32\POWRPROF.dll
0x00007ffd71910000 - 0x00007ffd71945000 	C:\WINDOWS\SYSTEM32\WINMM.dll
0x00007ffd711b0000 - 0x00007ffd711bb000 	C:\WINDOWS\SYSTEM32\VERSION.dll
0x00007ffd7a4d0000 - 0x00007ffd7a4e4000 	C:\WINDOWS\SYSTEM32\UMPDC.dll
0x00007ffd79450000 - 0x00007ffd7946b000 	C:\WINDOWS\SYSTEM32\kernel.appcore.dll
0x00007ffd65a50000 - 0x00007ffd65a5a000 	C:\Users\adity\.vscode\extensions\redhat.java-1.47.0-win32-x64\jre\21.0.8-win32-x86_64\bin\jimage.dll
0x00007ffd77cc0000 - 0x00007ffd77f02000 	C:\WINDOWS\SYSTEM32\DBGHELP.DLL
0x00007ffd7c440000 - 0x00007ffd7c7cb000 	C:\WINDOWS\System32\combase.dll
0x00007ffd7c180000 - 0x00007ffd7c257000 	C:\WINDOWS\System32\OLEAUT32.dll
0x00007ffd5cba0000 - 0x00007ffd5cbdc000 	C:\WINDOWS\SYSTEM32\dbgcore.DLL
0x00007ffd7acb0000 - 0x00007ffd7ad55000 	C:\WINDOWS\System32\bcryptPrimitives.dll
0x00007ffd477d0000 - 0x00007ffd477df000 	C:\Users\adity\.vscode\extensions\redhat.java-1.47.0-win32-x64\jre\21.0.8-win32-x86_64\bin\instrument.dll
0x00007ffd5e530000 - 0x00007ffd5e54f000 	C:\Users\adity\.vscode\extensions\redhat.java-1.47.0-win32-x64\jre\21.0.8-win32-x86_64\bin\java.dll
0x00007ffd7b8e0000 - 0x00007ffd7c02f000 	C:\WINDOWS\System32\SHELL32.dll
0x00007ffd7a690000 - 0x00007ffd7a7fb000 	C:\WINDOWS\System32\wintypes.dll
0x00007ffd78290000 - 0x00007ffd78aed000 	C:\WINDOWS\SYSTEM32\windows.storage.dll
0x00007ffd7c920000 - 0x00007ffd7ca12000 	C:\WINDOWS\System32\SHCORE.dll
0x00007ffd7c050000 - 0x00007ffd7c0b7000 	C:\WINDOWS\System32\shlwapi.dll
0x00007ffd7a5b0000 - 0x00007ffd7a5d9000 	C:\WINDOWS\SYSTEM32\profapi.dll
0x00007ffd41fd0000 - 0x00007ffd41fe8000 	C:\Users\adity\.vscode\extensions\redhat.java-1.47.0-win32-x64\jre\21.0.8-win32-x86_64\bin\zip.dll
0x00007ffd63480000 - 0x00007ffd63490000 	C:\Users\adity\.vscode\extensions\redhat.java-1.47.0-win32-x64\jre\21.0.8-win32-x86_64\bin\net.dll
0x00007ffd717c0000 - 0x00007ffd718e8000 	C:\WINDOWS\SYSTEM32\WINHTTP.dll
0x00007ffd799c0000 - 0x00007ffd79a2b000 	C:\WINDOWS\system32\mswsock.dll
0x00007ffd41840000 - 0x00007ffd41856000 	C:\Users\adity\.vscode\extensions\redhat.java-1.47.0-win32-x64\jre\21.0.8-win32-x86_64\bin\nio.dll
0x00007ffd46320000 - 0x00007ffd46330000 	C:\Users\adity\.vscode\extensions\redhat.java-1.47.0-win32-x64\jre\21.0.8-win32-x86_64\bin\verify.dll
0x00007ffd41810000 - 0x00007ffd41837000 	C:\Users\adity\.gradle\native\1def1411415f61bf3af743bc5b6707747c0891f09f0c88961ee8f79bc544acac\windows-amd64\native-platform.dll
0x00007ffd421d0000 - 0x00007ffd42248000 	C:\Users\adity\.gradle\native\0.2.7\x86_64-windows-gnu\gradle-fileevents.dll
0x00007ffd5f8f0000 - 0x00007ffd5f8fa000 	C:\Users\adity\.vscode\extensions\redhat.java-1.47.0-win32-x64\jre\21.0.8-win32-x86_64\bin\management.dll
0x00007ffd47e10000 - 0x00007ffd47e1b000 	C:\Users\adity\.vscode\extensions\redhat.java-1.47.0-win32-x64\jre\21.0.8-win32-x86_64\bin\management_ext.dll
0x00007ffd7c040000 - 0x00007ffd7c048000 	C:\WINDOWS\System32\PSAPI.DLL
0x00007ffd78ef0000 - 0x00007ffd78f24000 	C:\WINDOWS\SYSTEM32\IPHLPAPI.DLL
0x00007ffd7cc40000 - 0x00007ffd7cc4a000 	C:\WINDOWS\System32\NSI.dll
0x00007ffd478d0000 - 0x00007ffd478d9000 	C:\Users\adity\.vscode\extensions\redhat.java-1.47.0-win32-x64\jre\21.0.8-win32-x86_64\bin\extnet.dll
0x00007ffd79c90000 - 0x00007ffd79cab000 	C:\WINDOWS\SYSTEM32\CRYPTSP.dll
0x00007ffd793b0000 - 0x00007ffd793ea000 	C:\WINDOWS\system32\rsaenh.dll
0x00007ffd79a70000 - 0x00007ffd79a9b000 	C:\WINDOWS\SYSTEM32\USERENV.dll
0x00007ffd7a580000 - 0x00007ffd7a5aa000 	C:\WINDOWS\SYSTEM32\bcrypt.dll
0x00007ffd79c80000 - 0x00007ffd79c8c000 	C:\WINDOWS\SYSTEM32\CRYPTBASE.dll
0x00007ffd47c70000 - 0x00007ffd47c7e000 	C:\Users\adity\.vscode\extensions\redhat.java-1.47.0-win32-x64\jre\21.0.8-win32-x86_64\bin\sunmscapi.dll
0x00007ffd7ad60000 - 0x00007ffd7aed7000 	C:\WINDOWS\System32\CRYPT32.dll
0x00007ffd79ea0000 - 0x00007ffd79ed0000 	C:\WINDOWS\SYSTEM32\ncrypt.dll
0x00007ffd79e50000 - 0x00007ffd79e8f000 	C:\WINDOWS\SYSTEM32\NTASN1.dll
0x00007ffcd45f0000 - 0x00007ffcd45f8000 	C:\WINDOWS\system32\wshunix.dll

JVMTI agents:
C:\Users\adity\.gradle\wrapper\dists\gradle-8.13-bin\5xuhj0ry160q40clulazy9h7d\gradle-8.13\lib\agents\gradle-instrumentation-agent-8.13.jar path:C:\Users\adity\.vscode\extensions\redhat.java-1.47.0-win32-x64\jre\21.0.8-win32-x86_64\bin\instrument.dll, loaded, initialized, instrumentlib options:none

dbghelp: loaded successfully - version: 4.0.5 - missing functions: none
symbol engine: initialized successfully - sym options: 0x614 - pdb path: .;C:\Users\adity\.vscode\extensions\redhat.java-1.47.0-win32-x64\jre\21.0.8-win32-x86_64\bin;C:\WINDOWS\SYSTEM32;C:\WINDOWS\WinSxS\amd64_microsoft.windows.common-controls_6595b64144ccf1df_6.0.26100.7019_none_3e06ffa0e335b8a8;C:\Users\adity\.vscode\extensions\redhat.java-1.47.0-win32-x64\jre\21.0.8-win32-x86_64\bin\server;C:\Users\adity\.gradle\native\1def1411415f61bf3af743bc5b6707747c0891f09f0c88961ee8f79bc544acac\windows-amd64;C:\Users\adity\.gradle\native\0.2.7\x86_64-windows-gnu

VM Arguments:
jvm_args: --add-opens=java.base/java.lang=ALL-UNNAMED --add-opens=java.base/java.lang.invoke=ALL-UNNAMED --add-opens=java.base/java.util=ALL-UNNAMED --add-opens=java.prefs/java.util.prefs=ALL-UNNAMED --add-exports=jdk.compiler/com.sun.tools.javac.api=ALL-UNNAMED --add-exports=jdk.compiler/com.sun.tools.javac.util=ALL-UNNAMED --add-opens=java.base/java.util=ALL-UNNAMED --add-opens=java.prefs/java.util.prefs=ALL-UNNAMED --add-opens=java.base/java.nio.charset=ALL-UNNAMED --add-opens=java.base/java.net=ALL-UNNAMED --add-opens=java.base/java.util.concurrent.atomic=ALL-UNNAMED --add-opens=java.xml/javax.xml.namespace=ALL-UNNAMED -XX:MaxMetaspaceSize=512m -XX:+HeapDumpOnOutOfMemoryError -Xmx2g -Dfile.encoding=UTF-8 -Duser.country=IN -Duser.language=en -Duser.variant -javaagent:C:\Users\adity\.gradle\wrapper\dists\gradle-8.13-bin\5xuhj0ry160q40clulazy9h7d\gradle-8.13\lib\agents\gradle-instrumentation-agent-8.13.jar 
java_command: org.gradle.launcher.daemon.bootstrap.GradleDaemon 8.13
java_class_path (initial): C:\Users\adity\.gradle\wrapper\dists\gradle-8.13-bin\5xuhj0ry160q40clulazy9h7d\gradle-8.13\lib\gradle-daemon-main-8.13.jar
Launcher Type: SUN_STANDARD

[Global flags]
     intx CICompilerCount                          = 4                                         {product} {ergonomic}
   size_t CompressedClassSpaceSize                 = 436207616                                 {product} {ergonomic}
     uint ConcGCThreads                            = 2                                         {product} {ergonomic}
     uint G1ConcRefinementThreads                  = 8                                         {product} {ergonomic}
   size_t G1HeapRegionSize                         = 1048576                                   {product} {ergonomic}
    uintx GCDrainStackTargetSize                   = 64                                        {product} {ergonomic}
     bool HeapDumpOnOutOfMemoryError               = true                                   {manageable} {command line}
   size_t InitialHeapSize                          = 264241152                                 {product} {ergonomic}
   size_t MarkStackSize                            = 4194304                                   {product} {ergonomic}
   size_t MaxHeapSize                              = 2147483648                                {product} {command line}
   size_t MaxMetaspaceSize                         = 536870912                                 {product} {command line}
   size_t MaxNewSize                               = 1287651328                                {product} {ergonomic}
   size_t MinHeapDeltaBytes                        = 1048576                                   {product} {ergonomic}
   size_t MinHeapSize                              = 8388608                                   {product} {ergonomic}
    uintx NonNMethodCodeHeapSize                   = 5839372                                {pd product} {ergonomic}
    uintx NonProfiledCodeHeapSize                  = 122909434                              {pd product} {ergonomic}
    uintx ProfiledCodeHeapSize                     = 122909434                              {pd product} {ergonomic}
    uintx ReservedCodeCacheSize                    = 251658240                              {pd product} {ergonomic}
     bool SegmentedCodeCache                       = true                                      {product} {ergonomic}
   size_t SoftMaxHeapSize                          = 2147483648                             {manageable} {ergonomic}
     bool UseCompressedOops                        = true                           {product lp64_product} {ergonomic}
     bool UseG1GC                                  = true                                      {product} {ergonomic}
     bool UseLargePagesIndividualAllocation        = false                                  {pd product} {ergonomic}

Logging:
Log output configuration:
 #0: stdout all=warning uptime,level,tags foldmultilines=false
 #1: stderr all=off uptime,level,tags foldmultilines=false

Environment Variables:
JAVA_HOME=C:\Program Files\Java\jdk-24
PATH=C:\Program Files\Python311\Scripts\;C:\Program Files\Python311\;C:\Program Files\Common Files\Oracle\Java\javapath;C:\Windows\system32;C:\Windows;C:\Windows\System32\Wbem;C:\Windows\System32\WindowsPowerShell\v1.0\;C:\Windows\System32\OpenSSH\;C:\Program Files\NVIDIA Corporation\NVIDIA NvDLISR;C:\Program Files\dotnet\;C:\Program Files\Microchip\xc8\v2.41\bin;C:\sqlite3;C:\WINDOWS\system32;C:\WINDOWS;C:\WINDOWS\System32\Wbem;C:\WINDOWS\System32\WindowsPowerShell\v1.0\;C:\WINDOWS\System32\OpenSSH\;C:\ProgramData\chocolatey\bin;C:\Program Files\MySQL\MySQL Server 8.0\bin;C:\Program Files\php-8.3.0;C:\Users\adity\Downloads\apache-maven-3.9.9-bin\apache-maven-3.9.9\bin;C:\Program Files\Python312;C:\Program Files\apache-maven-3.9.11\bin;C:\Program Files\Java\jdk-24\bin;C:\Program Files\Docker\Docker\resources\bin;C:\Program Files\nodejs\;C:\Program Files\Git\cmd;D:\postgres;C:\Program Files\MySQL\MySQL Shell 8.0\bin\;C:\Users\adity\.console-ninja\.bin;C:\Users\adity\AppData\Local\Microsoft\WindowsApps;C:\Users\adity\AppData\Local\JetBrains\IntelliJ IDEA Community Edition 2022.2.4\bin;C:\Users\adity\AppData\Local\Programs\Hyper\resources\bin;C:\Users\adity\AppData\Local\Programs\Microsoft VS Code\bin;C:\Program Files\MongoDB\Server\7.0\bin;C:\Users\adity\.bun\bin;C:\Users\adity\AppData\Local\Microsoft\WindowsApps;C:\Users\adity\AppData\Local\Programs\cursor\resources\app\bin;C:\Program Files\JetBrains\IntelliJ IDEA Community Edition 2024.3.5\bin;;C:\Users\adity\AppData\Local\Programs\IntelliJ IDEA 2025.2.1\bin;C:\Users\adity\AppData\Roaming\npm
USERNAME=Aditya
OS=Windows_NT
PROCESSOR_IDENTIFIER=Intel64 Family 6 Model 140 Stepping 1, GenuineIntel
TMP=C:\Users\adity\AppData\Local\Temp
TEMP=C:\Users\adity\AppData\Local\Temp




Periodic native trim disabled

---------------  S Y S T E M  ---------------

OS:
 Windows 11 , 64 bit Build 26100 (10.0.26100.7019)
OS uptime: 0 days 3:47 hours
Hyper-V role detected

CPU: total 8 (initial active 8) (4 cores per cpu, 2 threads per core) family 6 model 140 stepping 1 microcode 0xbc, cx8, cmov, fxsr, ht, mmx, 3dnowpref, sse, sse2, sse3, ssse3, sse4.1, sse4.2, popcnt, lzcnt, tsc, tscinvbit, avx, avx2, aes, erms, clmul, bmi1, bmi2, adx, avx512f, avx512dq, avx512cd, avx512bw, avx512vl, sha, fma, vzeroupper, avx512_vpopcntdq, avx512_vpclmulqdq, avx512_vaes, avx512_vnni, clflush, clflushopt, clwb, avx512_vbmi2, avx512_vbmi, hv, rdtscp, rdpid, fsrm, gfni, avx512_bitalg, f16c, cet_ibt, cet_ss, avx512_ifma
Processor Information for the first 8 processors :
  Max Mhz: 2419, Current Mhz: 2419, Mhz Limit: 2419

Memory: 4k page, system-wide physical 16118M (774M free)
TotalPageFile size 24181M (AvailPageFile size 2M)
current process WorkingSet (physical memory assigned to process): 178M, peak: 178M
current process commit charge ("private bytes"): 401M, peak: 401M

vm_info: OpenJDK 64-Bit Server VM (21.0.8+9-LTS) for windows-amd64 JRE (21.0.8+9-LTS), built on 2025-07-15T00:00:00Z by "admin" with MS VC++ 17.7 (VS2022)

END.
